2025-11-19 07:29:12.410 INFO  [background-preinit] o.h.validator.internal.util.Version - HV000001: Hibernate Validator 8.0.1.Final
2025-11-19 07:29:12.442 INFO  [main] u.f.b.tpi.gateway.GatewayApplication - Starting GatewayApplication using Java 21.0.8 with PID 32818 (/Users/bisiojuan/Desktop/TrabajoPracticoBackend/Final/tp-backend/gateway/target/classes started by bisiojuan in /Users/bisiojuan/Desktop/TrabajoPracticoBackend/Final/tp-backend/gateway)
2025-11-19 07:29:12.443 DEBUG [main] u.f.b.tpi.gateway.GatewayApplication - Running with Spring Boot v3.1.4, Spring v6.0.12
2025-11-19 07:29:12.443 INFO  [main] u.f.b.tpi.gateway.GatewayApplication - No active profile set, falling back to 1 default profile: "default"
2025-11-19 07:29:13.571 INFO  [main] o.s.cloud.context.scope.GenericScope - BeanFactory id=d23dbb4f-54ee-3ef3-89d5-44a108f2630f
2025-11-19 07:29:14.798 INFO  [main] o.s.c.g.r.RouteDefinitionRouteLocator - Loaded RoutePredicateFactory [After]
2025-11-19 07:29:14.799 INFO  [main] o.s.c.g.r.RouteDefinitionRouteLocator - Loaded RoutePredicateFactory [Before]
2025-11-19 07:29:14.799 INFO  [main] o.s.c.g.r.RouteDefinitionRouteLocator - Loaded RoutePredicateFactory [Between]
2025-11-19 07:29:14.799 INFO  [main] o.s.c.g.r.RouteDefinitionRouteLocator - Loaded RoutePredicateFactory [Cookie]
2025-11-19 07:29:14.799 INFO  [main] o.s.c.g.r.RouteDefinitionRouteLocator - Loaded RoutePredicateFactory [Header]
2025-11-19 07:29:14.799 INFO  [main] o.s.c.g.r.RouteDefinitionRouteLocator - Loaded RoutePredicateFactory [Host]
2025-11-19 07:29:14.799 INFO  [main] o.s.c.g.r.RouteDefinitionRouteLocator - Loaded RoutePredicateFactory [Method]
2025-11-19 07:29:14.799 INFO  [main] o.s.c.g.r.RouteDefinitionRouteLocator - Loaded RoutePredicateFactory [Path]
2025-11-19 07:29:14.799 INFO  [main] o.s.c.g.r.RouteDefinitionRouteLocator - Loaded RoutePredicateFactory [Query]
2025-11-19 07:29:14.799 INFO  [main] o.s.c.g.r.RouteDefinitionRouteLocator - Loaded RoutePredicateFactory [ReadBody]
2025-11-19 07:29:14.799 INFO  [main] o.s.c.g.r.RouteDefinitionRouteLocator - Loaded RoutePredicateFactory [RemoteAddr]
2025-11-19 07:29:14.799 INFO  [main] o.s.c.g.r.RouteDefinitionRouteLocator - Loaded RoutePredicateFactory [XForwardedRemoteAddr]
2025-11-19 07:29:14.799 INFO  [main] o.s.c.g.r.RouteDefinitionRouteLocator - Loaded RoutePredicateFactory [Weight]
2025-11-19 07:29:14.799 INFO  [main] o.s.c.g.r.RouteDefinitionRouteLocator - Loaded RoutePredicateFactory [CloudFoundryRouteService]
2025-11-19 07:29:15.052 INFO  [main] o.s.b.a.e.web.EndpointLinksResolver - Exposing 4 endpoint(s) beneath base path '/actuator'
2025-11-19 07:29:15.433 INFO  [main] o.s.b.w.e.netty.NettyWebServer - Netty started on port 8082
2025-11-19 07:29:15.498 INFO  [main] u.f.b.tpi.gateway.GatewayApplication - Started GatewayApplication in 3.499 seconds (process running for 3.768)
2025-11-19 07:29:50.113 ERROR [parallel-1] i.n.r.d.DnsServerAddressStreamProviders - Unable to load io.netty.resolver.dns.macos.MacOSDnsServerAddressStreamProvider, fallback to system defaults. This may result in incorrect DNS resolutions on MacOS. Check whether you have a dependency on 'io.netty:netty-resolver-dns-native-macos'. Use DEBUG level to see the full stack: java.lang.UnsatisfiedLinkError: failed to load the required native library
2025-11-19 07:38:52.493 INFO  [background-preinit] o.h.validator.internal.util.Version - HV000001: Hibernate Validator 8.0.1.Final
2025-11-19 07:38:52.507 INFO  [main] u.f.b.t.g.GatewayApplicationTests - Starting GatewayApplicationTests using Java 21.0.8 with PID 34057 (started by bisiojuan in /Users/bisiojuan/Desktop/TrabajoPracticoBackend/Final/tp-backend/gateway)
2025-11-19 07:38:52.507 DEBUG [main] u.f.b.t.g.GatewayApplicationTests - Running with Spring Boot v3.1.4, Spring v6.0.12
2025-11-19 07:38:52.508 INFO  [main] u.f.b.t.g.GatewayApplicationTests - No active profile set, falling back to 1 default profile: "default"
2025-11-19 07:38:52.948 INFO  [main] o.s.cloud.context.scope.GenericScope - BeanFactory id=a899ed2c-95e3-3e20-9c7b-39bbe6dd2d10
2025-11-19 07:38:53.357 INFO  [main] o.s.c.g.r.RouteDefinitionRouteLocator - Loaded RoutePredicateFactory [After]
2025-11-19 07:38:53.358 INFO  [main] o.s.c.g.r.RouteDefinitionRouteLocator - Loaded RoutePredicateFactory [Before]
2025-11-19 07:38:53.358 INFO  [main] o.s.c.g.r.RouteDefinitionRouteLocator - Loaded RoutePredicateFactory [Between]
2025-11-19 07:38:53.358 INFO  [main] o.s.c.g.r.RouteDefinitionRouteLocator - Loaded RoutePredicateFactory [Cookie]
2025-11-19 07:38:53.358 INFO  [main] o.s.c.g.r.RouteDefinitionRouteLocator - Loaded RoutePredicateFactory [Header]
2025-11-19 07:38:53.358 INFO  [main] o.s.c.g.r.RouteDefinitionRouteLocator - Loaded RoutePredicateFactory [Host]
2025-11-19 07:38:53.358 INFO  [main] o.s.c.g.r.RouteDefinitionRouteLocator - Loaded RoutePredicateFactory [Method]
2025-11-19 07:38:53.358 INFO  [main] o.s.c.g.r.RouteDefinitionRouteLocator - Loaded RoutePredicateFactory [Path]
2025-11-19 07:38:53.358 INFO  [main] o.s.c.g.r.RouteDefinitionRouteLocator - Loaded RoutePredicateFactory [Query]
2025-11-19 07:38:53.358 INFO  [main] o.s.c.g.r.RouteDefinitionRouteLocator - Loaded RoutePredicateFactory [ReadBody]
2025-11-19 07:38:53.358 INFO  [main] o.s.c.g.r.RouteDefinitionRouteLocator - Loaded RoutePredicateFactory [RemoteAddr]
2025-11-19 07:38:53.358 INFO  [main] o.s.c.g.r.RouteDefinitionRouteLocator - Loaded RoutePredicateFactory [XForwardedRemoteAddr]
2025-11-19 07:38:53.358 INFO  [main] o.s.c.g.r.RouteDefinitionRouteLocator - Loaded RoutePredicateFactory [Weight]
2025-11-19 07:38:53.358 INFO  [main] o.s.c.g.r.RouteDefinitionRouteLocator - Loaded RoutePredicateFactory [CloudFoundryRouteService]
2025-11-19 07:38:53.457 INFO  [main] o.s.b.a.e.web.EndpointLinksResolver - Exposing 4 endpoint(s) beneath base path '/actuator'
2025-11-19 07:38:53.581 INFO  [main] u.f.b.t.g.GatewayApplicationTests - Started GatewayApplicationTests in 1.354 seconds (process running for 1.772)
2025-11-19 07:39:00.761 INFO  [background-preinit] o.h.validator.internal.util.Version - HV000001: Hibernate Validator 8.0.1.Final
2025-11-19 07:39:00.779 INFO  [main] u.f.b.tpi.gateway.GatewayApplication - Starting GatewayApplication using Java 21.0.8 with PID 34295 (/Users/bisiojuan/Desktop/TrabajoPracticoBackend/Final/tp-backend/gateway/target/classes started by bisiojuan in /Users/bisiojuan/Desktop/TrabajoPracticoBackend/Final/tp-backend/gateway)
2025-11-19 07:39:00.779 DEBUG [main] u.f.b.tpi.gateway.GatewayApplication - Running with Spring Boot v3.1.4, Spring v6.0.12
2025-11-19 07:39:00.779 INFO  [main] u.f.b.tpi.gateway.GatewayApplication - No active profile set, falling back to 1 default profile: "default"
2025-11-19 07:39:01.160 INFO  [main] o.s.cloud.context.scope.GenericScope - BeanFactory id=d23dbb4f-54ee-3ef3-89d5-44a108f2630f
2025-11-19 07:39:01.507 INFO  [main] o.s.c.g.r.RouteDefinitionRouteLocator - Loaded RoutePredicateFactory [After]
2025-11-19 07:39:01.507 INFO  [main] o.s.c.g.r.RouteDefinitionRouteLocator - Loaded RoutePredicateFactory [Before]
2025-11-19 07:39:01.507 INFO  [main] o.s.c.g.r.RouteDefinitionRouteLocator - Loaded RoutePredicateFactory [Between]
2025-11-19 07:39:01.507 INFO  [main] o.s.c.g.r.RouteDefinitionRouteLocator - Loaded RoutePredicateFactory [Cookie]
2025-11-19 07:39:01.507 INFO  [main] o.s.c.g.r.RouteDefinitionRouteLocator - Loaded RoutePredicateFactory [Header]
2025-11-19 07:39:01.507 INFO  [main] o.s.c.g.r.RouteDefinitionRouteLocator - Loaded RoutePredicateFactory [Host]
2025-11-19 07:39:01.507 INFO  [main] o.s.c.g.r.RouteDefinitionRouteLocator - Loaded RoutePredicateFactory [Method]
2025-11-19 07:39:01.507 INFO  [main] o.s.c.g.r.RouteDefinitionRouteLocator - Loaded RoutePredicateFactory [Path]
2025-11-19 07:39:01.507 INFO  [main] o.s.c.g.r.RouteDefinitionRouteLocator - Loaded RoutePredicateFactory [Query]
2025-11-19 07:39:01.507 INFO  [main] o.s.c.g.r.RouteDefinitionRouteLocator - Loaded RoutePredicateFactory [ReadBody]
2025-11-19 07:39:01.507 INFO  [main] o.s.c.g.r.RouteDefinitionRouteLocator - Loaded RoutePredicateFactory [RemoteAddr]
2025-11-19 07:39:01.507 INFO  [main] o.s.c.g.r.RouteDefinitionRouteLocator - Loaded RoutePredicateFactory [XForwardedRemoteAddr]
2025-11-19 07:39:01.507 INFO  [main] o.s.c.g.r.RouteDefinitionRouteLocator - Loaded RoutePredicateFactory [Weight]
2025-11-19 07:39:01.507 INFO  [main] o.s.c.g.r.RouteDefinitionRouteLocator - Loaded RoutePredicateFactory [CloudFoundryRouteService]
2025-11-19 07:39:01.589 INFO  [main] o.s.b.a.e.web.EndpointLinksResolver - Exposing 4 endpoint(s) beneath base path '/actuator'
2025-11-19 07:39:01.717 INFO  [main] o.s.b.w.e.netty.NettyWebServer - Netty started on port 8082
2025-11-19 07:39:01.750 INFO  [main] u.f.b.tpi.gateway.GatewayApplication - Started GatewayApplication in 1.194 seconds (process running for 1.34)
2025-11-19 07:39:15.079 INFO  [background-preinit] o.h.validator.internal.util.Version - HV000001: Hibernate Validator 8.0.1.Final
2025-11-19 07:39:15.111 INFO  [main] u.f.b.tpi.gateway.GatewayApplication - Starting GatewayApplication using Java 21.0.8 with PID 34514 (/Users/bisiojuan/Desktop/TrabajoPracticoBackend/Final/tp-backend/gateway/target/classes started by bisiojuan in /Users/bisiojuan/Desktop/TrabajoPracticoBackend/Final/tp-backend/gateway)
2025-11-19 07:39:15.111 DEBUG [main] u.f.b.tpi.gateway.GatewayApplication - Running with Spring Boot v3.1.4, Spring v6.0.12
2025-11-19 07:39:15.111 INFO  [main] u.f.b.tpi.gateway.GatewayApplication - No active profile set, falling back to 1 default profile: "default"
2025-11-19 07:39:15.607 INFO  [main] o.s.cloud.context.scope.GenericScope - BeanFactory id=d23dbb4f-54ee-3ef3-89d5-44a108f2630f
2025-11-19 07:39:16.040 INFO  [main] o.s.c.g.r.RouteDefinitionRouteLocator - Loaded RoutePredicateFactory [After]
2025-11-19 07:39:16.040 INFO  [main] o.s.c.g.r.RouteDefinitionRouteLocator - Loaded RoutePredicateFactory [Before]
2025-11-19 07:39:16.040 INFO  [main] o.s.c.g.r.RouteDefinitionRouteLocator - Loaded RoutePredicateFactory [Between]
2025-11-19 07:39:16.040 INFO  [main] o.s.c.g.r.RouteDefinitionRouteLocator - Loaded RoutePredicateFactory [Cookie]
2025-11-19 07:39:16.040 INFO  [main] o.s.c.g.r.RouteDefinitionRouteLocator - Loaded RoutePredicateFactory [Header]
2025-11-19 07:39:16.040 INFO  [main] o.s.c.g.r.RouteDefinitionRouteLocator - Loaded RoutePredicateFactory [Host]
2025-11-19 07:39:16.040 INFO  [main] o.s.c.g.r.RouteDefinitionRouteLocator - Loaded RoutePredicateFactory [Method]
2025-11-19 07:39:16.040 INFO  [main] o.s.c.g.r.RouteDefinitionRouteLocator - Loaded RoutePredicateFactory [Path]
2025-11-19 07:39:16.040 INFO  [main] o.s.c.g.r.RouteDefinitionRouteLocator - Loaded RoutePredicateFactory [Query]
2025-11-19 07:39:16.040 INFO  [main] o.s.c.g.r.RouteDefinitionRouteLocator - Loaded RoutePredicateFactory [ReadBody]
2025-11-19 07:39:16.040 INFO  [main] o.s.c.g.r.RouteDefinitionRouteLocator - Loaded RoutePredicateFactory [RemoteAddr]
2025-11-19 07:39:16.040 INFO  [main] o.s.c.g.r.RouteDefinitionRouteLocator - Loaded RoutePredicateFactory [XForwardedRemoteAddr]
2025-11-19 07:39:16.040 INFO  [main] o.s.c.g.r.RouteDefinitionRouteLocator - Loaded RoutePredicateFactory [Weight]
2025-11-19 07:39:16.040 INFO  [main] o.s.c.g.r.RouteDefinitionRouteLocator - Loaded RoutePredicateFactory [CloudFoundryRouteService]
2025-11-19 07:39:16.144 INFO  [main] o.s.b.a.e.web.EndpointLinksResolver - Exposing 4 endpoint(s) beneath base path '/actuator'
2025-11-19 07:39:16.309 INFO  [main] o.s.b.w.e.netty.NettyWebServer - Netty started on port 8082
2025-11-19 07:39:16.340 INFO  [main] u.f.b.tpi.gateway.GatewayApplication - Started GatewayApplication in 1.548 seconds (process running for 1.722)
2025-11-19 07:40:10.253 ERROR [parallel-1] i.n.r.d.DnsServerAddressStreamProviders - Unable to load io.netty.resolver.dns.macos.MacOSDnsServerAddressStreamProvider, fallback to system defaults. This may result in incorrect DNS resolutions on MacOS. Check whether you have a dependency on 'io.netty:netty-resolver-dns-native-macos'. Use DEBUG level to see the full stack: java.lang.UnsatisfiedLinkError: failed to load the required native library
2025-11-19 07:47:28.164 INFO  [background-preinit] o.h.validator.internal.util.Version - HV000001: Hibernate Validator 8.0.1.Final
2025-11-19 07:47:28.196 INFO  [main] u.f.b.tpi.gateway.GatewayApplication - Starting GatewayApplication using Java 21.0.8 with PID 37194 (/Users/bisiojuan/Desktop/TrabajoPracticoBackend/Final/tp-backend/gateway/target/classes started by bisiojuan in /Users/bisiojuan/Desktop/TrabajoPracticoBackend/Final/tp-backend/gateway)
2025-11-19 07:47:28.196 DEBUG [main] u.f.b.tpi.gateway.GatewayApplication - Running with Spring Boot v3.1.4, Spring v6.0.12
2025-11-19 07:47:28.196 INFO  [main] u.f.b.tpi.gateway.GatewayApplication - No active profile set, falling back to 1 default profile: "default"
2025-11-19 07:47:29.061 INFO  [main] o.s.cloud.context.scope.GenericScope - BeanFactory id=d23dbb4f-54ee-3ef3-89d5-44a108f2630f
2025-11-19 07:47:30.197 INFO  [main] o.s.c.g.r.RouteDefinitionRouteLocator - Loaded RoutePredicateFactory [After]
2025-11-19 07:47:30.199 INFO  [main] o.s.c.g.r.RouteDefinitionRouteLocator - Loaded RoutePredicateFactory [Before]
2025-11-19 07:47:30.199 INFO  [main] o.s.c.g.r.RouteDefinitionRouteLocator - Loaded RoutePredicateFactory [Between]
2025-11-19 07:47:30.199 INFO  [main] o.s.c.g.r.RouteDefinitionRouteLocator - Loaded RoutePredicateFactory [Cookie]
2025-11-19 07:47:30.199 INFO  [main] o.s.c.g.r.RouteDefinitionRouteLocator - Loaded RoutePredicateFactory [Header]
2025-11-19 07:47:30.199 INFO  [main] o.s.c.g.r.RouteDefinitionRouteLocator - Loaded RoutePredicateFactory [Host]
2025-11-19 07:47:30.200 INFO  [main] o.s.c.g.r.RouteDefinitionRouteLocator - Loaded RoutePredicateFactory [Method]
2025-11-19 07:47:30.200 INFO  [main] o.s.c.g.r.RouteDefinitionRouteLocator - Loaded RoutePredicateFactory [Path]
2025-11-19 07:47:30.200 INFO  [main] o.s.c.g.r.RouteDefinitionRouteLocator - Loaded RoutePredicateFactory [Query]
2025-11-19 07:47:30.200 INFO  [main] o.s.c.g.r.RouteDefinitionRouteLocator - Loaded RoutePredicateFactory [ReadBody]
2025-11-19 07:47:30.200 INFO  [main] o.s.c.g.r.RouteDefinitionRouteLocator - Loaded RoutePredicateFactory [RemoteAddr]
2025-11-19 07:47:30.200 INFO  [main] o.s.c.g.r.RouteDefinitionRouteLocator - Loaded RoutePredicateFactory [XForwardedRemoteAddr]
2025-11-19 07:47:30.201 INFO  [main] o.s.c.g.r.RouteDefinitionRouteLocator - Loaded RoutePredicateFactory [Weight]
2025-11-19 07:47:30.201 INFO  [main] o.s.c.g.r.RouteDefinitionRouteLocator - Loaded RoutePredicateFactory [CloudFoundryRouteService]
2025-11-19 07:47:30.418 INFO  [main] o.s.b.a.e.web.EndpointLinksResolver - Exposing 4 endpoint(s) beneath base path '/actuator'
2025-11-19 07:47:30.706 INFO  [main] o.s.b.w.e.netty.NettyWebServer - Netty started on port 8082
2025-11-19 07:47:30.763 INFO  [main] u.f.b.tpi.gateway.GatewayApplication - Started GatewayApplication in 2.993 seconds (process running for 3.22)
2025-11-19 07:47:39.691 ERROR [parallel-1] i.n.r.d.DnsServerAddressStreamProviders - Unable to load io.netty.resolver.dns.macos.MacOSDnsServerAddressStreamProvider, fallback to system defaults. This may result in incorrect DNS resolutions on MacOS. Check whether you have a dependency on 'io.netty:netty-resolver-dns-native-macos'. Use DEBUG level to see the full stack: java.lang.UnsatisfiedLinkError: failed to load the required native library
2025-11-19 07:53:07.110 INFO  [background-preinit] o.h.validator.internal.util.Version - HV000001: Hibernate Validator 8.0.1.Final
2025-11-19 07:53:07.149 INFO  [main] u.f.b.tpi.gateway.GatewayApplication - Starting GatewayApplication using Java 21.0.8 with PID 37774 (/Users/bisiojuan/Desktop/TrabajoPracticoBackend/Final/tp-backend/gateway/target/classes started by bisiojuan in /Users/bisiojuan/Desktop/TrabajoPracticoBackend/Final/tp-backend/gateway)
2025-11-19 07:53:07.149 DEBUG [main] u.f.b.tpi.gateway.GatewayApplication - Running with Spring Boot v3.1.4, Spring v6.0.12
2025-11-19 07:53:07.149 INFO  [main] u.f.b.tpi.gateway.GatewayApplication - No active profile set, falling back to 1 default profile: "default"
2025-11-19 07:53:07.743 INFO  [main] o.s.cloud.context.scope.GenericScope - BeanFactory id=d23dbb4f-54ee-3ef3-89d5-44a108f2630f
2025-11-19 07:53:08.513 INFO  [main] o.s.c.g.r.RouteDefinitionRouteLocator - Loaded RoutePredicateFactory [After]
2025-11-19 07:53:08.514 INFO  [main] o.s.c.g.r.RouteDefinitionRouteLocator - Loaded RoutePredicateFactory [Before]
2025-11-19 07:53:08.514 INFO  [main] o.s.c.g.r.RouteDefinitionRouteLocator - Loaded RoutePredicateFactory [Between]
2025-11-19 07:53:08.514 INFO  [main] o.s.c.g.r.RouteDefinitionRouteLocator - Loaded RoutePredicateFactory [Cookie]
2025-11-19 07:53:08.514 INFO  [main] o.s.c.g.r.RouteDefinitionRouteLocator - Loaded RoutePredicateFactory [Header]
2025-11-19 07:53:08.514 INFO  [main] o.s.c.g.r.RouteDefinitionRouteLocator - Loaded RoutePredicateFactory [Host]
2025-11-19 07:53:08.514 INFO  [main] o.s.c.g.r.RouteDefinitionRouteLocator - Loaded RoutePredicateFactory [Method]
2025-11-19 07:53:08.514 INFO  [main] o.s.c.g.r.RouteDefinitionRouteLocator - Loaded RoutePredicateFactory [Path]
2025-11-19 07:53:08.514 INFO  [main] o.s.c.g.r.RouteDefinitionRouteLocator - Loaded RoutePredicateFactory [Query]
2025-11-19 07:53:08.514 INFO  [main] o.s.c.g.r.RouteDefinitionRouteLocator - Loaded RoutePredicateFactory [ReadBody]
2025-11-19 07:53:08.514 INFO  [main] o.s.c.g.r.RouteDefinitionRouteLocator - Loaded RoutePredicateFactory [RemoteAddr]
2025-11-19 07:53:08.514 INFO  [main] o.s.c.g.r.RouteDefinitionRouteLocator - Loaded RoutePredicateFactory [XForwardedRemoteAddr]
2025-11-19 07:53:08.514 INFO  [main] o.s.c.g.r.RouteDefinitionRouteLocator - Loaded RoutePredicateFactory [Weight]
2025-11-19 07:53:08.514 INFO  [main] o.s.c.g.r.RouteDefinitionRouteLocator - Loaded RoutePredicateFactory [CloudFoundryRouteService]
2025-11-19 07:53:08.677 INFO  [main] o.s.b.a.e.web.EndpointLinksResolver - Exposing 4 endpoint(s) beneath base path '/actuator'
2025-11-19 07:53:08.933 INFO  [main] o.s.b.w.e.netty.NettyWebServer - Netty started on port 8082
2025-11-19 07:53:08.993 INFO  [main] u.f.b.tpi.gateway.GatewayApplication - Started GatewayApplication in 2.35 seconds (process running for 2.557)
2025-11-19 07:53:43.801 ERROR [parallel-1] i.n.r.d.DnsServerAddressStreamProviders - Unable to load io.netty.resolver.dns.macos.MacOSDnsServerAddressStreamProvider, fallback to system defaults. This may result in incorrect DNS resolutions on MacOS. Check whether you have a dependency on 'io.netty:netty-resolver-dns-native-macos'. Use DEBUG level to see the full stack: java.lang.UnsatisfiedLinkError: failed to load the required native library
2025-11-19 08:21:56.026 INFO  [background-preinit] o.h.validator.internal.util.Version - HV000001: Hibernate Validator 8.0.1.Final
2025-11-19 08:21:56.084 INFO  [main] u.f.b.t.g.GatewayApplicationTests - Starting GatewayApplicationTests using Java 21.0.8 with PID 40343 (started by bisiojuan in /Users/bisiojuan/Desktop/TrabajoPracticoBackend/Final/tp-backend/gateway)
2025-11-19 08:21:56.084 DEBUG [main] u.f.b.t.g.GatewayApplicationTests - Running with Spring Boot v3.1.4, Spring v6.0.12
2025-11-19 08:21:56.085 INFO  [main] u.f.b.t.g.GatewayApplicationTests - No active profile set, falling back to 1 default profile: "default"
2025-11-19 08:21:58.035 INFO  [main] o.s.cloud.context.scope.GenericScope - BeanFactory id=a899ed2c-95e3-3e20-9c7b-39bbe6dd2d10
2025-11-19 08:21:59.184 INFO  [main] o.s.c.g.r.RouteDefinitionRouteLocator - Loaded RoutePredicateFactory [After]
2025-11-19 08:21:59.185 INFO  [main] o.s.c.g.r.RouteDefinitionRouteLocator - Loaded RoutePredicateFactory [Before]
2025-11-19 08:21:59.185 INFO  [main] o.s.c.g.r.RouteDefinitionRouteLocator - Loaded RoutePredicateFactory [Between]
2025-11-19 08:21:59.185 INFO  [main] o.s.c.g.r.RouteDefinitionRouteLocator - Loaded RoutePredicateFactory [Cookie]
2025-11-19 08:21:59.185 INFO  [main] o.s.c.g.r.RouteDefinitionRouteLocator - Loaded RoutePredicateFactory [Header]
2025-11-19 08:21:59.185 INFO  [main] o.s.c.g.r.RouteDefinitionRouteLocator - Loaded RoutePredicateFactory [Host]
2025-11-19 08:21:59.185 INFO  [main] o.s.c.g.r.RouteDefinitionRouteLocator - Loaded RoutePredicateFactory [Method]
2025-11-19 08:21:59.185 INFO  [main] o.s.c.g.r.RouteDefinitionRouteLocator - Loaded RoutePredicateFactory [Path]
2025-11-19 08:21:59.185 INFO  [main] o.s.c.g.r.RouteDefinitionRouteLocator - Loaded RoutePredicateFactory [Query]
2025-11-19 08:21:59.185 INFO  [main] o.s.c.g.r.RouteDefinitionRouteLocator - Loaded RoutePredicateFactory [ReadBody]
2025-11-19 08:21:59.185 INFO  [main] o.s.c.g.r.RouteDefinitionRouteLocator - Loaded RoutePredicateFactory [RemoteAddr]
2025-11-19 08:21:59.185 INFO  [main] o.s.c.g.r.RouteDefinitionRouteLocator - Loaded RoutePredicateFactory [XForwardedRemoteAddr]
2025-11-19 08:21:59.185 INFO  [main] o.s.c.g.r.RouteDefinitionRouteLocator - Loaded RoutePredicateFactory [Weight]
2025-11-19 08:21:59.185 INFO  [main] o.s.c.g.r.RouteDefinitionRouteLocator - Loaded RoutePredicateFactory [CloudFoundryRouteService]
2025-11-19 08:21:59.508 INFO  [main] o.s.b.a.e.web.EndpointLinksResolver - Exposing 4 endpoint(s) beneath base path '/actuator'
2025-11-19 08:21:59.850 INFO  [main] u.f.b.t.g.GatewayApplicationTests - Started GatewayApplicationTests in 4.579 seconds (process running for 5.932)
2025-11-19 08:22:10.198 INFO  [background-preinit] o.h.validator.internal.util.Version - HV000001: Hibernate Validator 8.0.1.Final
2025-11-19 08:22:10.242 INFO  [main] u.f.b.tpi.gateway.GatewayApplication - Starting GatewayApplication using Java 21.0.8 with PID 40620 (/Users/bisiojuan/Desktop/TrabajoPracticoBackend/Final/tp-backend/gateway/target/classes started by bisiojuan in /Users/bisiojuan/Desktop/TrabajoPracticoBackend/Final/tp-backend/gateway)
2025-11-19 08:22:10.242 DEBUG [main] u.f.b.tpi.gateway.GatewayApplication - Running with Spring Boot v3.1.4, Spring v6.0.12
2025-11-19 08:22:10.243 INFO  [main] u.f.b.tpi.gateway.GatewayApplication - No active profile set, falling back to 1 default profile: "default"
2025-11-19 08:22:10.947 INFO  [main] o.s.cloud.context.scope.GenericScope - BeanFactory id=d23dbb4f-54ee-3ef3-89d5-44a108f2630f
2025-11-19 08:22:11.680 INFO  [main] o.s.c.g.r.RouteDefinitionRouteLocator - Loaded RoutePredicateFactory [After]
2025-11-19 08:22:11.680 INFO  [main] o.s.c.g.r.RouteDefinitionRouteLocator - Loaded RoutePredicateFactory [Before]
2025-11-19 08:22:11.680 INFO  [main] o.s.c.g.r.RouteDefinitionRouteLocator - Loaded RoutePredicateFactory [Between]
2025-11-19 08:22:11.680 INFO  [main] o.s.c.g.r.RouteDefinitionRouteLocator - Loaded RoutePredicateFactory [Cookie]
2025-11-19 08:22:11.680 INFO  [main] o.s.c.g.r.RouteDefinitionRouteLocator - Loaded RoutePredicateFactory [Header]
2025-11-19 08:22:11.680 INFO  [main] o.s.c.g.r.RouteDefinitionRouteLocator - Loaded RoutePredicateFactory [Host]
2025-11-19 08:22:11.680 INFO  [main] o.s.c.g.r.RouteDefinitionRouteLocator - Loaded RoutePredicateFactory [Method]
2025-11-19 08:22:11.680 INFO  [main] o.s.c.g.r.RouteDefinitionRouteLocator - Loaded RoutePredicateFactory [Path]
2025-11-19 08:22:11.680 INFO  [main] o.s.c.g.r.RouteDefinitionRouteLocator - Loaded RoutePredicateFactory [Query]
2025-11-19 08:22:11.680 INFO  [main] o.s.c.g.r.RouteDefinitionRouteLocator - Loaded RoutePredicateFactory [ReadBody]
2025-11-19 08:22:11.680 INFO  [main] o.s.c.g.r.RouteDefinitionRouteLocator - Loaded RoutePredicateFactory [RemoteAddr]
2025-11-19 08:22:11.680 INFO  [main] o.s.c.g.r.RouteDefinitionRouteLocator - Loaded RoutePredicateFactory [XForwardedRemoteAddr]
2025-11-19 08:22:11.681 INFO  [main] o.s.c.g.r.RouteDefinitionRouteLocator - Loaded RoutePredicateFactory [Weight]
2025-11-19 08:22:11.681 INFO  [main] o.s.c.g.r.RouteDefinitionRouteLocator - Loaded RoutePredicateFactory [CloudFoundryRouteService]
2025-11-19 08:22:11.825 INFO  [main] o.s.b.a.e.web.EndpointLinksResolver - Exposing 4 endpoint(s) beneath base path '/actuator'
2025-11-19 08:22:12.040 INFO  [main] o.s.b.w.e.netty.NettyWebServer - Netty started on port 8082
2025-11-19 08:22:12.081 INFO  [main] u.f.b.tpi.gateway.GatewayApplication - Started GatewayApplication in 2.257 seconds (process running for 2.506)
2025-11-19 08:23:00.174 ERROR [parallel-1] i.n.r.d.DnsServerAddressStreamProviders - Unable to load io.netty.resolver.dns.macos.MacOSDnsServerAddressStreamProvider, fallback to system defaults. This may result in incorrect DNS resolutions on MacOS. Check whether you have a dependency on 'io.netty:netty-resolver-dns-native-macos'. Use DEBUG level to see the full stack: java.lang.UnsatisfiedLinkError: failed to load the required native library
2025-11-19 08:27:15.004 INFO  [background-preinit] o.h.validator.internal.util.Version - HV000001: Hibernate Validator 8.0.1.Final
2025-11-19 08:27:15.026 INFO  [main] u.f.b.tpi.gateway.GatewayApplication - Starting GatewayApplication using Java 21.0.8 with PID 41317 (/Users/bisiojuan/Desktop/TrabajoPracticoBackend/Final/tp-backend/gateway/target/classes started by bisiojuan in /Users/bisiojuan/Desktop/TrabajoPracticoBackend/Final/tp-backend/gateway)
2025-11-19 08:27:15.026 DEBUG [main] u.f.b.tpi.gateway.GatewayApplication - Running with Spring Boot v3.1.4, Spring v6.0.12
2025-11-19 08:27:15.027 INFO  [main] u.f.b.tpi.gateway.GatewayApplication - No active profile set, falling back to 1 default profile: "default"
2025-11-19 08:27:15.447 INFO  [main] o.s.cloud.context.scope.GenericScope - BeanFactory id=d23dbb4f-54ee-3ef3-89d5-44a108f2630f
2025-11-19 08:27:15.870 INFO  [main] o.s.c.g.r.RouteDefinitionRouteLocator - Loaded RoutePredicateFactory [After]
2025-11-19 08:27:15.870 INFO  [main] o.s.c.g.r.RouteDefinitionRouteLocator - Loaded RoutePredicateFactory [Before]
2025-11-19 08:27:15.870 INFO  [main] o.s.c.g.r.RouteDefinitionRouteLocator - Loaded RoutePredicateFactory [Between]
2025-11-19 08:27:15.870 INFO  [main] o.s.c.g.r.RouteDefinitionRouteLocator - Loaded RoutePredicateFactory [Cookie]
2025-11-19 08:27:15.870 INFO  [main] o.s.c.g.r.RouteDefinitionRouteLocator - Loaded RoutePredicateFactory [Header]
2025-11-19 08:27:15.871 INFO  [main] o.s.c.g.r.RouteDefinitionRouteLocator - Loaded RoutePredicateFactory [Host]
2025-11-19 08:27:15.871 INFO  [main] o.s.c.g.r.RouteDefinitionRouteLocator - Loaded RoutePredicateFactory [Method]
2025-11-19 08:27:15.871 INFO  [main] o.s.c.g.r.RouteDefinitionRouteLocator - Loaded RoutePredicateFactory [Path]
2025-11-19 08:27:15.871 INFO  [main] o.s.c.g.r.RouteDefinitionRouteLocator - Loaded RoutePredicateFactory [Query]
2025-11-19 08:27:15.871 INFO  [main] o.s.c.g.r.RouteDefinitionRouteLocator - Loaded RoutePredicateFactory [ReadBody]
2025-11-19 08:27:15.871 INFO  [main] o.s.c.g.r.RouteDefinitionRouteLocator - Loaded RoutePredicateFactory [RemoteAddr]
2025-11-19 08:27:15.871 INFO  [main] o.s.c.g.r.RouteDefinitionRouteLocator - Loaded RoutePredicateFactory [XForwardedRemoteAddr]
2025-11-19 08:27:15.872 INFO  [main] o.s.c.g.r.RouteDefinitionRouteLocator - Loaded RoutePredicateFactory [Weight]
2025-11-19 08:27:15.872 INFO  [main] o.s.c.g.r.RouteDefinitionRouteLocator - Loaded RoutePredicateFactory [CloudFoundryRouteService]
2025-11-19 08:27:15.964 INFO  [main] o.s.b.a.e.web.EndpointLinksResolver - Exposing 4 endpoint(s) beneath base path '/actuator'
2025-11-19 08:27:16.120 INFO  [main] o.s.b.w.e.netty.NettyWebServer - Netty started on port 8082
2025-11-19 08:27:16.151 INFO  [main] u.f.b.tpi.gateway.GatewayApplication - Started GatewayApplication in 1.396 seconds (process running for 1.559)
2025-11-19 08:28:40.713 ERROR [parallel-1] i.n.r.d.DnsServerAddressStreamProviders - Unable to load io.netty.resolver.dns.macos.MacOSDnsServerAddressStreamProvider, fallback to system defaults. This may result in incorrect DNS resolutions on MacOS. Check whether you have a dependency on 'io.netty:netty-resolver-dns-native-macos'. Use DEBUG level to see the full stack: java.lang.UnsatisfiedLinkError: failed to load the required native library
2025-11-19 08:37:58.718 INFO  [background-preinit] o.h.validator.internal.util.Version - HV000001: Hibernate Validator 8.0.1.Final
2025-11-19 08:37:58.747 INFO  [main] u.f.b.tpi.gateway.GatewayApplication - Starting GatewayApplication using Java 21.0.8 with PID 45029 (/Users/bisiojuan/Desktop/TrabajoPracticoBackend/Final/tp-backend/gateway/target/classes started by bisiojuan in /Users/bisiojuan/Desktop/TrabajoPracticoBackend/Final/tp-backend/gateway)
2025-11-19 08:37:58.747 DEBUG [main] u.f.b.tpi.gateway.GatewayApplication - Running with Spring Boot v3.1.4, Spring v6.0.12
2025-11-19 08:37:58.748 INFO  [main] u.f.b.tpi.gateway.GatewayApplication - No active profile set, falling back to 1 default profile: "default"
2025-11-19 08:37:59.519 INFO  [main] o.s.cloud.context.scope.GenericScope - BeanFactory id=d23dbb4f-54ee-3ef3-89d5-44a108f2630f
2025-11-19 08:38:00.083 INFO  [main] o.s.c.g.r.RouteDefinitionRouteLocator - Loaded RoutePredicateFactory [After]
2025-11-19 08:38:00.083 INFO  [main] o.s.c.g.r.RouteDefinitionRouteLocator - Loaded RoutePredicateFactory [Before]
2025-11-19 08:38:00.083 INFO  [main] o.s.c.g.r.RouteDefinitionRouteLocator - Loaded RoutePredicateFactory [Between]
2025-11-19 08:38:00.083 INFO  [main] o.s.c.g.r.RouteDefinitionRouteLocator - Loaded RoutePredicateFactory [Cookie]
2025-11-19 08:38:00.083 INFO  [main] o.s.c.g.r.RouteDefinitionRouteLocator - Loaded RoutePredicateFactory [Header]
2025-11-19 08:38:00.083 INFO  [main] o.s.c.g.r.RouteDefinitionRouteLocator - Loaded RoutePredicateFactory [Host]
2025-11-19 08:38:00.083 INFO  [main] o.s.c.g.r.RouteDefinitionRouteLocator - Loaded RoutePredicateFactory [Method]
2025-11-19 08:38:00.083 INFO  [main] o.s.c.g.r.RouteDefinitionRouteLocator - Loaded RoutePredicateFactory [Path]
2025-11-19 08:38:00.083 INFO  [main] o.s.c.g.r.RouteDefinitionRouteLocator - Loaded RoutePredicateFactory [Query]
2025-11-19 08:38:00.083 INFO  [main] o.s.c.g.r.RouteDefinitionRouteLocator - Loaded RoutePredicateFactory [ReadBody]
2025-11-19 08:38:00.083 INFO  [main] o.s.c.g.r.RouteDefinitionRouteLocator - Loaded RoutePredicateFactory [RemoteAddr]
2025-11-19 08:38:00.083 INFO  [main] o.s.c.g.r.RouteDefinitionRouteLocator - Loaded RoutePredicateFactory [XForwardedRemoteAddr]
2025-11-19 08:38:00.083 INFO  [main] o.s.c.g.r.RouteDefinitionRouteLocator - Loaded RoutePredicateFactory [Weight]
2025-11-19 08:38:00.084 INFO  [main] o.s.c.g.r.RouteDefinitionRouteLocator - Loaded RoutePredicateFactory [CloudFoundryRouteService]
2025-11-19 08:38:00.320 INFO  [main] o.s.b.a.e.web.EndpointLinksResolver - Exposing 4 endpoint(s) beneath base path '/actuator'
2025-11-19 08:38:00.588 INFO  [main] o.s.b.w.e.netty.NettyWebServer - Netty started on port 8082
2025-11-19 08:38:00.625 INFO  [main] u.f.b.tpi.gateway.GatewayApplication - Started GatewayApplication in 2.439 seconds (process running for 2.746)
2025-11-19 08:38:18.553 ERROR [parallel-1] i.n.r.d.DnsServerAddressStreamProviders - Unable to load io.netty.resolver.dns.macos.MacOSDnsServerAddressStreamProvider, fallback to system defaults. This may result in incorrect DNS resolutions on MacOS. Check whether you have a dependency on 'io.netty:netty-resolver-dns-native-macos'. Use DEBUG level to see the full stack: java.lang.UnsatisfiedLinkError: failed to load the required native library
2025-11-19 08:53:10.051 INFO  [background-preinit] o.h.validator.internal.util.Version - HV000001: Hibernate Validator 8.0.1.Final
2025-11-19 08:53:10.080 INFO  [main] u.f.b.tpi.gateway.GatewayApplication - Starting GatewayApplication using Java 21.0.8 with PID 46901 (/Users/bisiojuan/Desktop/TrabajoPracticoBackend/Final/tp-backend/gateway/target/classes started by bisiojuan in /Users/bisiojuan/Desktop/TrabajoPracticoBackend/Final/tp-backend/gateway)
2025-11-19 08:53:10.081 DEBUG [main] u.f.b.tpi.gateway.GatewayApplication - Running with Spring Boot v3.1.4, Spring v6.0.12
2025-11-19 08:53:10.081 INFO  [main] u.f.b.tpi.gateway.GatewayApplication - No active profile set, falling back to 1 default profile: "default"
2025-11-19 08:53:10.663 INFO  [main] o.s.cloud.context.scope.GenericScope - BeanFactory id=d23dbb4f-54ee-3ef3-89d5-44a108f2630f
2025-11-19 08:53:11.053 INFO  [main] o.s.c.g.r.RouteDefinitionRouteLocator - Loaded RoutePredicateFactory [After]
2025-11-19 08:53:11.054 INFO  [main] o.s.c.g.r.RouteDefinitionRouteLocator - Loaded RoutePredicateFactory [Before]
2025-11-19 08:53:11.054 INFO  [main] o.s.c.g.r.RouteDefinitionRouteLocator - Loaded RoutePredicateFactory [Between]
2025-11-19 08:53:11.054 INFO  [main] o.s.c.g.r.RouteDefinitionRouteLocator - Loaded RoutePredicateFactory [Cookie]
2025-11-19 08:53:11.054 INFO  [main] o.s.c.g.r.RouteDefinitionRouteLocator - Loaded RoutePredicateFactory [Header]
2025-11-19 08:53:11.054 INFO  [main] o.s.c.g.r.RouteDefinitionRouteLocator - Loaded RoutePredicateFactory [Host]
2025-11-19 08:53:11.054 INFO  [main] o.s.c.g.r.RouteDefinitionRouteLocator - Loaded RoutePredicateFactory [Method]
2025-11-19 08:53:11.054 INFO  [main] o.s.c.g.r.RouteDefinitionRouteLocator - Loaded RoutePredicateFactory [Path]
2025-11-19 08:53:11.054 INFO  [main] o.s.c.g.r.RouteDefinitionRouteLocator - Loaded RoutePredicateFactory [Query]
2025-11-19 08:53:11.054 INFO  [main] o.s.c.g.r.RouteDefinitionRouteLocator - Loaded RoutePredicateFactory [ReadBody]
2025-11-19 08:53:11.054 INFO  [main] o.s.c.g.r.RouteDefinitionRouteLocator - Loaded RoutePredicateFactory [RemoteAddr]
2025-11-19 08:53:11.054 INFO  [main] o.s.c.g.r.RouteDefinitionRouteLocator - Loaded RoutePredicateFactory [XForwardedRemoteAddr]
2025-11-19 08:53:11.054 INFO  [main] o.s.c.g.r.RouteDefinitionRouteLocator - Loaded RoutePredicateFactory [Weight]
2025-11-19 08:53:11.054 INFO  [main] o.s.c.g.r.RouteDefinitionRouteLocator - Loaded RoutePredicateFactory [CloudFoundryRouteService]
2025-11-19 08:53:11.141 INFO  [main] o.s.b.a.e.web.EndpointLinksResolver - Exposing 4 endpoint(s) beneath base path '/actuator'
2025-11-19 08:53:11.301 INFO  [main] o.s.b.w.e.netty.NettyWebServer - Netty started on port 8082
2025-11-19 08:53:11.332 INFO  [main] u.f.b.tpi.gateway.GatewayApplication - Started GatewayApplication in 1.641 seconds (process running for 1.811)
2025-11-19 08:56:01.559 ERROR [parallel-1] i.n.r.d.DnsServerAddressStreamProviders - Unable to load io.netty.resolver.dns.macos.MacOSDnsServerAddressStreamProvider, fallback to system defaults. This may result in incorrect DNS resolutions on MacOS. Check whether you have a dependency on 'io.netty:netty-resolver-dns-native-macos'. Use DEBUG level to see the full stack: java.lang.UnsatisfiedLinkError: failed to load the required native library
2025-11-19 10:32:37.562 INFO  [background-preinit] o.h.validator.internal.util.Version - HV000001: Hibernate Validator 8.0.1.Final
2025-11-19 10:32:37.649 INFO  [main] u.f.b.tpi.gateway.GatewayApplication - Starting GatewayApplication using Java 21.0.8 with PID 53881 (/Users/bisiojuan/Desktop/TrabajoPracticoBackend/Final/tp-backend/gateway/target/classes started by bisiojuan in /Users/bisiojuan/Desktop/TrabajoPracticoBackend/Final/tp-backend/gateway)
2025-11-19 10:32:37.650 DEBUG [main] u.f.b.tpi.gateway.GatewayApplication - Running with Spring Boot v3.1.4, Spring v6.0.12
2025-11-19 10:32:37.651 INFO  [main] u.f.b.tpi.gateway.GatewayApplication - No active profile set, falling back to 1 default profile: "default"
2025-11-19 10:32:39.598 INFO  [main] o.s.cloud.context.scope.GenericScope - BeanFactory id=d23dbb4f-54ee-3ef3-89d5-44a108f2630f
2025-11-19 10:32:41.448 INFO  [main] o.s.c.g.r.RouteDefinitionRouteLocator - Loaded RoutePredicateFactory [After]
2025-11-19 10:32:41.449 INFO  [main] o.s.c.g.r.RouteDefinitionRouteLocator - Loaded RoutePredicateFactory [Before]
2025-11-19 10:32:41.449 INFO  [main] o.s.c.g.r.RouteDefinitionRouteLocator - Loaded RoutePredicateFactory [Between]
2025-11-19 10:32:41.449 INFO  [main] o.s.c.g.r.RouteDefinitionRouteLocator - Loaded RoutePredicateFactory [Cookie]
2025-11-19 10:32:41.449 INFO  [main] o.s.c.g.r.RouteDefinitionRouteLocator - Loaded RoutePredicateFactory [Header]
2025-11-19 10:32:41.450 INFO  [main] o.s.c.g.r.RouteDefinitionRouteLocator - Loaded RoutePredicateFactory [Host]
2025-11-19 10:32:41.450 INFO  [main] o.s.c.g.r.RouteDefinitionRouteLocator - Loaded RoutePredicateFactory [Method]
2025-11-19 10:32:41.450 INFO  [main] o.s.c.g.r.RouteDefinitionRouteLocator - Loaded RoutePredicateFactory [Path]
2025-11-19 10:32:41.451 INFO  [main] o.s.c.g.r.RouteDefinitionRouteLocator - Loaded RoutePredicateFactory [Query]
2025-11-19 10:32:41.455 INFO  [main] o.s.c.g.r.RouteDefinitionRouteLocator - Loaded RoutePredicateFactory [ReadBody]
2025-11-19 10:32:41.458 INFO  [main] o.s.c.g.r.RouteDefinitionRouteLocator - Loaded RoutePredicateFactory [RemoteAddr]
2025-11-19 10:32:41.459 INFO  [main] o.s.c.g.r.RouteDefinitionRouteLocator - Loaded RoutePredicateFactory [XForwardedRemoteAddr]
2025-11-19 10:32:41.460 INFO  [main] o.s.c.g.r.RouteDefinitionRouteLocator - Loaded RoutePredicateFactory [Weight]
2025-11-19 10:32:41.460 INFO  [main] o.s.c.g.r.RouteDefinitionRouteLocator - Loaded RoutePredicateFactory [CloudFoundryRouteService]
2025-11-19 10:32:42.019 INFO  [main] o.s.b.a.e.web.EndpointLinksResolver - Exposing 4 endpoint(s) beneath base path '/actuator'
2025-11-19 10:32:42.709 INFO  [main] o.s.b.w.e.netty.NettyWebServer - Netty started on port 8082
2025-11-19 10:32:42.819 INFO  [main] u.f.b.tpi.gateway.GatewayApplication - Started GatewayApplication in 6.168 seconds (process running for 7.157)
2025-11-19 10:33:18.372 ERROR [parallel-1] i.n.r.d.DnsServerAddressStreamProviders - Unable to load io.netty.resolver.dns.macos.MacOSDnsServerAddressStreamProvider, fallback to system defaults. This may result in incorrect DNS resolutions on MacOS. Check whether you have a dependency on 'io.netty:netty-resolver-dns-native-macos'. Use DEBUG level to see the full stack: java.lang.UnsatisfiedLinkError: failed to load the required native library
2025-11-19 10:39:44.233 INFO  [background-preinit] o.h.validator.internal.util.Version - HV000001: Hibernate Validator 8.0.1.Final
2025-11-19 10:39:44.261 INFO  [main] u.f.b.tpi.gateway.GatewayApplication - Starting GatewayApplication using Java 21.0.8 with PID 54934 (/Users/bisiojuan/Desktop/TrabajoPracticoBackend/Final/tp-backend/gateway/target/classes started by bisiojuan in /Users/bisiojuan/Desktop/TrabajoPracticoBackend/Final/tp-backend/gateway)
2025-11-19 10:39:44.261 DEBUG [main] u.f.b.tpi.gateway.GatewayApplication - Running with Spring Boot v3.1.4, Spring v6.0.12
2025-11-19 10:39:44.262 INFO  [main] u.f.b.tpi.gateway.GatewayApplication - No active profile set, falling back to 1 default profile: "default"
2025-11-19 10:39:44.826 INFO  [main] o.s.cloud.context.scope.GenericScope - BeanFactory id=d23dbb4f-54ee-3ef3-89d5-44a108f2630f
2025-11-19 10:39:45.687 INFO  [main] o.s.c.g.r.RouteDefinitionRouteLocator - Loaded RoutePredicateFactory [After]
2025-11-19 10:39:45.688 INFO  [main] o.s.c.g.r.RouteDefinitionRouteLocator - Loaded RoutePredicateFactory [Before]
2025-11-19 10:39:45.688 INFO  [main] o.s.c.g.r.RouteDefinitionRouteLocator - Loaded RoutePredicateFactory [Between]
2025-11-19 10:39:45.688 INFO  [main] o.s.c.g.r.RouteDefinitionRouteLocator - Loaded RoutePredicateFactory [Cookie]
2025-11-19 10:39:45.688 INFO  [main] o.s.c.g.r.RouteDefinitionRouteLocator - Loaded RoutePredicateFactory [Header]
2025-11-19 10:39:45.688 INFO  [main] o.s.c.g.r.RouteDefinitionRouteLocator - Loaded RoutePredicateFactory [Host]
2025-11-19 10:39:45.688 INFO  [main] o.s.c.g.r.RouteDefinitionRouteLocator - Loaded RoutePredicateFactory [Method]
2025-11-19 10:39:45.688 INFO  [main] o.s.c.g.r.RouteDefinitionRouteLocator - Loaded RoutePredicateFactory [Path]
2025-11-19 10:39:45.688 INFO  [main] o.s.c.g.r.RouteDefinitionRouteLocator - Loaded RoutePredicateFactory [Query]
2025-11-19 10:39:45.688 INFO  [main] o.s.c.g.r.RouteDefinitionRouteLocator - Loaded RoutePredicateFactory [ReadBody]
2025-11-19 10:39:45.688 INFO  [main] o.s.c.g.r.RouteDefinitionRouteLocator - Loaded RoutePredicateFactory [RemoteAddr]
2025-11-19 10:39:45.688 INFO  [main] o.s.c.g.r.RouteDefinitionRouteLocator - Loaded RoutePredicateFactory [XForwardedRemoteAddr]
2025-11-19 10:39:45.688 INFO  [main] o.s.c.g.r.RouteDefinitionRouteLocator - Loaded RoutePredicateFactory [Weight]
2025-11-19 10:39:45.688 INFO  [main] o.s.c.g.r.RouteDefinitionRouteLocator - Loaded RoutePredicateFactory [CloudFoundryRouteService]
2025-11-19 10:39:45.861 INFO  [main] o.s.b.a.e.web.EndpointLinksResolver - Exposing 4 endpoint(s) beneath base path '/actuator'
2025-11-19 10:39:46.217 INFO  [main] o.s.b.w.e.netty.NettyWebServer - Netty started on port 8082
2025-11-19 10:39:46.266 INFO  [main] u.f.b.tpi.gateway.GatewayApplication - Started GatewayApplication in 2.472 seconds (process running for 2.659)
2025-11-19 10:41:38.264 ERROR [parallel-1] i.n.r.d.DnsServerAddressStreamProviders - Unable to load io.netty.resolver.dns.macos.MacOSDnsServerAddressStreamProvider, fallback to system defaults. This may result in incorrect DNS resolutions on MacOS. Check whether you have a dependency on 'io.netty:netty-resolver-dns-native-macos'. Use DEBUG level to see the full stack: java.lang.UnsatisfiedLinkError: failed to load the required native library
2025-11-19 10:47:14.140 INFO  [background-preinit] o.h.validator.internal.util.Version - HV000001: Hibernate Validator 8.0.1.Final
2025-11-19 10:47:14.346 INFO  [main] u.f.b.tpi.gateway.GatewayApplication - Starting GatewayApplication using Java 21.0.7 with PID 25092 (C:\Users\matia\Downloads\tp-backend\tp-backend\gateway\target\classes started by matia in C:\Users\matia\Downloads\tp-backend\tp-backend\gateway)
2025-11-19 10:47:14.350 DEBUG [main] u.f.b.tpi.gateway.GatewayApplication - Running with Spring Boot v3.1.4, Spring v6.0.12
2025-11-19 10:47:14.352 INFO  [main] u.f.b.tpi.gateway.GatewayApplication - No active profile set, falling back to 1 default profile: "default"
2025-11-19 10:47:21.549 INFO  [main] o.s.cloud.context.scope.GenericScope - BeanFactory id=d23dbb4f-54ee-3ef3-89d5-44a108f2630f
2025-11-19 10:47:25.134 INFO  [main] o.s.c.g.r.RouteDefinitionRouteLocator - Loaded RoutePredicateFactory [After]
2025-11-19 10:47:25.134 INFO  [main] o.s.c.g.r.RouteDefinitionRouteLocator - Loaded RoutePredicateFactory [Before]
2025-11-19 10:47:25.135 INFO  [main] o.s.c.g.r.RouteDefinitionRouteLocator - Loaded RoutePredicateFactory [Between]
2025-11-19 10:47:25.135 INFO  [main] o.s.c.g.r.RouteDefinitionRouteLocator - Loaded RoutePredicateFactory [Cookie]
2025-11-19 10:47:25.135 INFO  [main] o.s.c.g.r.RouteDefinitionRouteLocator - Loaded RoutePredicateFactory [Header]
2025-11-19 10:47:25.136 INFO  [main] o.s.c.g.r.RouteDefinitionRouteLocator - Loaded RoutePredicateFactory [Host]
2025-11-19 10:47:25.137 INFO  [main] o.s.c.g.r.RouteDefinitionRouteLocator - Loaded RoutePredicateFactory [Method]
2025-11-19 10:47:25.138 INFO  [main] o.s.c.g.r.RouteDefinitionRouteLocator - Loaded RoutePredicateFactory [Path]
2025-11-19 10:47:25.138 INFO  [main] o.s.c.g.r.RouteDefinitionRouteLocator - Loaded RoutePredicateFactory [Query]
2025-11-19 10:47:25.139 INFO  [main] o.s.c.g.r.RouteDefinitionRouteLocator - Loaded RoutePredicateFactory [ReadBody]
2025-11-19 10:47:25.139 INFO  [main] o.s.c.g.r.RouteDefinitionRouteLocator - Loaded RoutePredicateFactory [RemoteAddr]
2025-11-19 10:47:25.139 INFO  [main] o.s.c.g.r.RouteDefinitionRouteLocator - Loaded RoutePredicateFactory [XForwardedRemoteAddr]
2025-11-19 10:47:25.139 INFO  [main] o.s.c.g.r.RouteDefinitionRouteLocator - Loaded RoutePredicateFactory [Weight]
2025-11-19 10:47:25.140 INFO  [main] o.s.c.g.r.RouteDefinitionRouteLocator - Loaded RoutePredicateFactory [CloudFoundryRouteService]
2025-11-19 10:47:26.038 INFO  [main] o.s.b.a.e.web.EndpointLinksResolver - Exposing 4 endpoint(s) beneath base path '/actuator'
2025-11-19 10:47:26.759 INFO  [main] o.s.b.w.e.netty.NettyWebServer - Netty started on port 8082
2025-11-19 10:47:26.892 INFO  [main] u.f.b.tpi.gateway.GatewayApplication - Started GatewayApplication in 17.484 seconds (process running for 22.087)
2025-11-19 11:05:04.651 INFO  [background-preinit] o.h.validator.internal.util.Version - HV000001: Hibernate Validator 8.0.1.Final
2025-11-19 11:05:04.828 INFO  [main] u.f.b.tpi.gateway.GatewayApplication - Starting GatewayApplication using Java 21.0.7 with PID 4056 (C:\Users\matia\Downloads\tp-backend\tp-backend\gateway\target\classes started by matia in C:\Users\matia\Downloads\tp-backend\tp-backend\gateway)
2025-11-19 11:05:04.829 DEBUG [main] u.f.b.tpi.gateway.GatewayApplication - Running with Spring Boot v3.1.4, Spring v6.0.12
2025-11-19 11:05:04.831 INFO  [main] u.f.b.tpi.gateway.GatewayApplication - No active profile set, falling back to 1 default profile: "default"
2025-11-19 11:05:09.132 INFO  [main] o.s.cloud.context.scope.GenericScope - BeanFactory id=d23dbb4f-54ee-3ef3-89d5-44a108f2630f
2025-11-19 11:05:11.625 INFO  [main] o.s.c.g.r.RouteDefinitionRouteLocator - Loaded RoutePredicateFactory [After]
2025-11-19 11:05:11.628 INFO  [main] o.s.c.g.r.RouteDefinitionRouteLocator - Loaded RoutePredicateFactory [Before]
2025-11-19 11:05:11.628 INFO  [main] o.s.c.g.r.RouteDefinitionRouteLocator - Loaded RoutePredicateFactory [Between]
2025-11-19 11:05:11.628 INFO  [main] o.s.c.g.r.RouteDefinitionRouteLocator - Loaded RoutePredicateFactory [Cookie]
2025-11-19 11:05:11.628 INFO  [main] o.s.c.g.r.RouteDefinitionRouteLocator - Loaded RoutePredicateFactory [Header]
2025-11-19 11:05:11.628 INFO  [main] o.s.c.g.r.RouteDefinitionRouteLocator - Loaded RoutePredicateFactory [Host]
2025-11-19 11:05:11.629 INFO  [main] o.s.c.g.r.RouteDefinitionRouteLocator - Loaded RoutePredicateFactory [Method]
2025-11-19 11:05:11.630 INFO  [main] o.s.c.g.r.RouteDefinitionRouteLocator - Loaded RoutePredicateFactory [Path]
2025-11-19 11:05:11.630 INFO  [main] o.s.c.g.r.RouteDefinitionRouteLocator - Loaded RoutePredicateFactory [Query]
2025-11-19 11:05:11.631 INFO  [main] o.s.c.g.r.RouteDefinitionRouteLocator - Loaded RoutePredicateFactory [ReadBody]
2025-11-19 11:05:11.631 INFO  [main] o.s.c.g.r.RouteDefinitionRouteLocator - Loaded RoutePredicateFactory [RemoteAddr]
2025-11-19 11:05:11.631 INFO  [main] o.s.c.g.r.RouteDefinitionRouteLocator - Loaded RoutePredicateFactory [XForwardedRemoteAddr]
2025-11-19 11:05:11.631 INFO  [main] o.s.c.g.r.RouteDefinitionRouteLocator - Loaded RoutePredicateFactory [Weight]
2025-11-19 11:05:11.631 INFO  [main] o.s.c.g.r.RouteDefinitionRouteLocator - Loaded RoutePredicateFactory [CloudFoundryRouteService]
2025-11-19 11:05:12.707 INFO  [main] o.s.b.a.e.web.EndpointLinksResolver - Exposing 4 endpoint(s) beneath base path '/actuator'
2025-11-19 11:05:13.596 INFO  [main] o.s.b.w.e.netty.NettyWebServer - Netty started on port 8082
2025-11-19 11:05:13.749 INFO  [main] u.f.b.tpi.gateway.GatewayApplication - Started GatewayApplication in 11.745 seconds (process running for 15.106)
