2025-11-17 00:00:07.073 INFO  [background-preinit] o.h.validator.internal.util.Version - HV000001: Hibernate Validator 8.0.1.Final
2025-11-17 00:00:07.131 INFO  [main] u.f.b.tpi.gateway.GatewayApplication - Starting GatewayApplication using Java 21.0.8 with PID 50425 (/Users/bisiojuan/Desktop/TrabajoPracticoBackend/TPforReal/tp-backend/gateway/target/classes started by bisiojuan in /Users/bisiojuan/Desktop/TrabajoPracticoBackend/TPforReal/tp-backend/gateway)
2025-11-17 00:00:07.131 DEBUG [main] u.f.b.tpi.gateway.GatewayApplication - Running with Spring Boot v3.1.4, Spring v6.0.12
2025-11-17 00:00:07.131 INFO  [main] u.f.b.tpi.gateway.GatewayApplication - No active profile set, falling back to 1 default profile: "default"
2025-11-17 00:00:08.177 INFO  [main] o.s.cloud.context.scope.GenericScope - BeanFactory id=d23dbb4f-54ee-3ef3-89d5-44a108f2630f
2025-11-17 00:00:09.311 INFO  [main] o.s.c.g.r.RouteDefinitionRouteLocator - Loaded RoutePredicateFactory [After]
2025-11-17 00:00:09.312 INFO  [main] o.s.c.g.r.RouteDefinitionRouteLocator - Loaded RoutePredicateFactory [Before]
2025-11-17 00:00:09.312 INFO  [main] o.s.c.g.r.RouteDefinitionRouteLocator - Loaded RoutePredicateFactory [Between]
2025-11-17 00:00:09.312 INFO  [main] o.s.c.g.r.RouteDefinitionRouteLocator - Loaded RoutePredicateFactory [Cookie]
2025-11-17 00:00:09.312 INFO  [main] o.s.c.g.r.RouteDefinitionRouteLocator - Loaded RoutePredicateFactory [Header]
2025-11-17 00:00:09.312 INFO  [main] o.s.c.g.r.RouteDefinitionRouteLocator - Loaded RoutePredicateFactory [Host]
2025-11-17 00:00:09.312 INFO  [main] o.s.c.g.r.RouteDefinitionRouteLocator - Loaded RoutePredicateFactory [Method]
2025-11-17 00:00:09.312 INFO  [main] o.s.c.g.r.RouteDefinitionRouteLocator - Loaded RoutePredicateFactory [Path]
2025-11-17 00:00:09.312 INFO  [main] o.s.c.g.r.RouteDefinitionRouteLocator - Loaded RoutePredicateFactory [Query]
2025-11-17 00:00:09.312 INFO  [main] o.s.c.g.r.RouteDefinitionRouteLocator - Loaded RoutePredicateFactory [ReadBody]
2025-11-17 00:00:09.312 INFO  [main] o.s.c.g.r.RouteDefinitionRouteLocator - Loaded RoutePredicateFactory [RemoteAddr]
2025-11-17 00:00:09.312 INFO  [main] o.s.c.g.r.RouteDefinitionRouteLocator - Loaded RoutePredicateFactory [XForwardedRemoteAddr]
2025-11-17 00:00:09.312 INFO  [main] o.s.c.g.r.RouteDefinitionRouteLocator - Loaded RoutePredicateFactory [Weight]
2025-11-17 00:00:09.312 INFO  [main] o.s.c.g.r.RouteDefinitionRouteLocator - Loaded RoutePredicateFactory [CloudFoundryRouteService]
2025-11-17 00:00:09.587 INFO  [main] o.s.b.a.e.web.EndpointLinksResolver - Exposing 4 endpoint(s) beneath base path '/actuator'
2025-11-17 00:00:10.061 INFO  [main] o.s.b.w.e.netty.NettyWebServer - Netty started on port 8082
2025-11-17 00:00:10.132 INFO  [main] u.f.b.tpi.gateway.GatewayApplication - Started GatewayApplication in 3.486 seconds (process running for 3.901)
2025-11-17 00:01:03.523 ERROR [parallel-1] i.n.r.d.DnsServerAddressStreamProviders - Unable to load io.netty.resolver.dns.macos.MacOSDnsServerAddressStreamProvider, fallback to system defaults. This may result in incorrect DNS resolutions on MacOS. Check whether you have a dependency on 'io.netty:netty-resolver-dns-native-macos'. Use DEBUG level to see the full stack: java.lang.UnsatisfiedLinkError: failed to load the required native library
2025-11-17 00:02:26.626 INFO  [background-preinit] o.h.validator.internal.util.Version - HV000001: Hibernate Validator 8.0.1.Final
2025-11-17 00:02:26.678 INFO  [main] u.f.b.tpi.gateway.GatewayApplication - Starting GatewayApplication using Java 21.0.8 with PID 51230 (/Users/bisiojuan/Desktop/TrabajoPracticoBackend/TPforReal/tp-backend/gateway/target/classes started by bisiojuan in /Users/bisiojuan/Desktop/TrabajoPracticoBackend/TPforReal/tp-backend/gateway)
2025-11-17 00:02:26.679 DEBUG [main] u.f.b.tpi.gateway.GatewayApplication - Running with Spring Boot v3.1.4, Spring v6.0.12
2025-11-17 00:02:26.680 INFO  [main] u.f.b.tpi.gateway.GatewayApplication - No active profile set, falling back to 1 default profile: "default"
2025-11-17 00:02:27.485 INFO  [main] o.s.cloud.context.scope.GenericScope - BeanFactory id=d23dbb4f-54ee-3ef3-89d5-44a108f2630f
2025-11-17 00:02:28.196 INFO  [main] o.s.c.g.r.RouteDefinitionRouteLocator - Loaded RoutePredicateFactory [After]
2025-11-17 00:02:28.196 INFO  [main] o.s.c.g.r.RouteDefinitionRouteLocator - Loaded RoutePredicateFactory [Before]
2025-11-17 00:02:28.196 INFO  [main] o.s.c.g.r.RouteDefinitionRouteLocator - Loaded RoutePredicateFactory [Between]
2025-11-17 00:02:28.196 INFO  [main] o.s.c.g.r.RouteDefinitionRouteLocator - Loaded RoutePredicateFactory [Cookie]
2025-11-17 00:02:28.196 INFO  [main] o.s.c.g.r.RouteDefinitionRouteLocator - Loaded RoutePredicateFactory [Header]
2025-11-17 00:02:28.196 INFO  [main] o.s.c.g.r.RouteDefinitionRouteLocator - Loaded RoutePredicateFactory [Host]
2025-11-17 00:02:28.196 INFO  [main] o.s.c.g.r.RouteDefinitionRouteLocator - Loaded RoutePredicateFactory [Method]
2025-11-17 00:02:28.196 INFO  [main] o.s.c.g.r.RouteDefinitionRouteLocator - Loaded RoutePredicateFactory [Path]
2025-11-17 00:02:28.196 INFO  [main] o.s.c.g.r.RouteDefinitionRouteLocator - Loaded RoutePredicateFactory [Query]
2025-11-17 00:02:28.196 INFO  [main] o.s.c.g.r.RouteDefinitionRouteLocator - Loaded RoutePredicateFactory [ReadBody]
2025-11-17 00:02:28.196 INFO  [main] o.s.c.g.r.RouteDefinitionRouteLocator - Loaded RoutePredicateFactory [RemoteAddr]
2025-11-17 00:02:28.196 INFO  [main] o.s.c.g.r.RouteDefinitionRouteLocator - Loaded RoutePredicateFactory [XForwardedRemoteAddr]
2025-11-17 00:02:28.196 INFO  [main] o.s.c.g.r.RouteDefinitionRouteLocator - Loaded RoutePredicateFactory [Weight]
2025-11-17 00:02:28.196 INFO  [main] o.s.c.g.r.RouteDefinitionRouteLocator - Loaded RoutePredicateFactory [CloudFoundryRouteService]
2025-11-17 00:02:28.318 INFO  [main] o.s.b.a.e.web.EndpointLinksResolver - Exposing 4 endpoint(s) beneath base path '/actuator'
2025-11-17 00:02:28.516 INFO  [main] o.s.b.w.e.netty.NettyWebServer - Netty started on port 8082
2025-11-17 00:02:28.556 INFO  [main] u.f.b.tpi.gateway.GatewayApplication - Started GatewayApplication in 2.286 seconds (process running for 2.478)
2025-11-17 00:03:36.540 ERROR [parallel-1] i.n.r.d.DnsServerAddressStreamProviders - Unable to load io.netty.resolver.dns.macos.MacOSDnsServerAddressStreamProvider, fallback to system defaults. This may result in incorrect DNS resolutions on MacOS. Check whether you have a dependency on 'io.netty:netty-resolver-dns-native-macos'. Use DEBUG level to see the full stack: java.lang.UnsatisfiedLinkError: failed to load the required native library
2025-11-17 00:06:45.901 INFO  [background-preinit] o.h.validator.internal.util.Version - HV000001: Hibernate Validator 8.0.1.Final
2025-11-17 00:06:45.930 INFO  [main] u.f.b.tpi.gateway.GatewayApplication - Starting GatewayApplication using Java 21.0.8 with PID 52314 (/Users/bisiojuan/Desktop/TrabajoPracticoBackend/TPforReal/tp-backend/gateway/target/classes started by bisiojuan in /Users/bisiojuan/Desktop/TrabajoPracticoBackend/TPforReal/tp-backend/gateway)
2025-11-17 00:06:45.930 DEBUG [main] u.f.b.tpi.gateway.GatewayApplication - Running with Spring Boot v3.1.4, Spring v6.0.12
2025-11-17 00:06:45.930 INFO  [main] u.f.b.tpi.gateway.GatewayApplication - No active profile set, falling back to 1 default profile: "default"
2025-11-17 00:06:46.376 INFO  [main] o.s.cloud.context.scope.GenericScope - BeanFactory id=d23dbb4f-54ee-3ef3-89d5-44a108f2630f
2025-11-17 00:06:46.814 INFO  [main] o.s.c.g.r.RouteDefinitionRouteLocator - Loaded RoutePredicateFactory [After]
2025-11-17 00:06:46.814 INFO  [main] o.s.c.g.r.RouteDefinitionRouteLocator - Loaded RoutePredicateFactory [Before]
2025-11-17 00:06:46.814 INFO  [main] o.s.c.g.r.RouteDefinitionRouteLocator - Loaded RoutePredicateFactory [Between]
2025-11-17 00:06:46.814 INFO  [main] o.s.c.g.r.RouteDefinitionRouteLocator - Loaded RoutePredicateFactory [Cookie]
2025-11-17 00:06:46.814 INFO  [main] o.s.c.g.r.RouteDefinitionRouteLocator - Loaded RoutePredicateFactory [Header]
2025-11-17 00:06:46.814 INFO  [main] o.s.c.g.r.RouteDefinitionRouteLocator - Loaded RoutePredicateFactory [Host]
2025-11-17 00:06:46.814 INFO  [main] o.s.c.g.r.RouteDefinitionRouteLocator - Loaded RoutePredicateFactory [Method]
2025-11-17 00:06:46.814 INFO  [main] o.s.c.g.r.RouteDefinitionRouteLocator - Loaded RoutePredicateFactory [Path]
2025-11-17 00:06:46.814 INFO  [main] o.s.c.g.r.RouteDefinitionRouteLocator - Loaded RoutePredicateFactory [Query]
2025-11-17 00:06:46.814 INFO  [main] o.s.c.g.r.RouteDefinitionRouteLocator - Loaded RoutePredicateFactory [ReadBody]
2025-11-17 00:06:46.814 INFO  [main] o.s.c.g.r.RouteDefinitionRouteLocator - Loaded RoutePredicateFactory [RemoteAddr]
2025-11-17 00:06:46.814 INFO  [main] o.s.c.g.r.RouteDefinitionRouteLocator - Loaded RoutePredicateFactory [XForwardedRemoteAddr]
2025-11-17 00:06:46.814 INFO  [main] o.s.c.g.r.RouteDefinitionRouteLocator - Loaded RoutePredicateFactory [Weight]
2025-11-17 00:06:46.814 INFO  [main] o.s.c.g.r.RouteDefinitionRouteLocator - Loaded RoutePredicateFactory [CloudFoundryRouteService]
2025-11-17 00:06:46.911 INFO  [main] o.s.b.a.e.web.EndpointLinksResolver - Exposing 4 endpoint(s) beneath base path '/actuator'
2025-11-17 00:06:47.053 INFO  [main] o.s.b.w.e.netty.NettyWebServer - Netty started on port 8082
2025-11-17 00:06:47.088 INFO  [main] u.f.b.tpi.gateway.GatewayApplication - Started GatewayApplication in 1.477 seconds (process running for 1.667)
2025-11-17 00:07:09.336 ERROR [parallel-1] i.n.r.d.DnsServerAddressStreamProviders - Unable to load io.netty.resolver.dns.macos.MacOSDnsServerAddressStreamProvider, fallback to system defaults. This may result in incorrect DNS resolutions on MacOS. Check whether you have a dependency on 'io.netty:netty-resolver-dns-native-macos'. Use DEBUG level to see the full stack: java.lang.UnsatisfiedLinkError: failed to load the required native library
2025-11-17 00:09:16.136 INFO  [background-preinit] o.h.validator.internal.util.Version - HV000001: Hibernate Validator 8.0.1.Final
2025-11-17 00:09:16.159 INFO  [main] u.f.b.tpi.gateway.GatewayApplication - Starting GatewayApplication using Java 21.0.8 with PID 52772 (/Users/bisiojuan/Desktop/TrabajoPracticoBackend/TPforReal/tp-backend/gateway/target/classes started by bisiojuan in /Users/bisiojuan/Desktop/TrabajoPracticoBackend/TPforReal/tp-backend/gateway)
2025-11-17 00:09:16.159 DEBUG [main] u.f.b.tpi.gateway.GatewayApplication - Running with Spring Boot v3.1.4, Spring v6.0.12
2025-11-17 00:09:16.159 INFO  [main] u.f.b.tpi.gateway.GatewayApplication - No active profile set, falling back to 1 default profile: "default"
2025-11-17 00:09:16.594 INFO  [main] o.s.cloud.context.scope.GenericScope - BeanFactory id=d23dbb4f-54ee-3ef3-89d5-44a108f2630f
2025-11-17 00:09:17.004 INFO  [main] o.s.c.g.r.RouteDefinitionRouteLocator - Loaded RoutePredicateFactory [After]
2025-11-17 00:09:17.004 INFO  [main] o.s.c.g.r.RouteDefinitionRouteLocator - Loaded RoutePredicateFactory [Before]
2025-11-17 00:09:17.004 INFO  [main] o.s.c.g.r.RouteDefinitionRouteLocator - Loaded RoutePredicateFactory [Between]
2025-11-17 00:09:17.004 INFO  [main] o.s.c.g.r.RouteDefinitionRouteLocator - Loaded RoutePredicateFactory [Cookie]
2025-11-17 00:09:17.005 INFO  [main] o.s.c.g.r.RouteDefinitionRouteLocator - Loaded RoutePredicateFactory [Header]
2025-11-17 00:09:17.005 INFO  [main] o.s.c.g.r.RouteDefinitionRouteLocator - Loaded RoutePredicateFactory [Host]
2025-11-17 00:09:17.005 INFO  [main] o.s.c.g.r.RouteDefinitionRouteLocator - Loaded RoutePredicateFactory [Method]
2025-11-17 00:09:17.005 INFO  [main] o.s.c.g.r.RouteDefinitionRouteLocator - Loaded RoutePredicateFactory [Path]
2025-11-17 00:09:17.005 INFO  [main] o.s.c.g.r.RouteDefinitionRouteLocator - Loaded RoutePredicateFactory [Query]
2025-11-17 00:09:17.005 INFO  [main] o.s.c.g.r.RouteDefinitionRouteLocator - Loaded RoutePredicateFactory [ReadBody]
2025-11-17 00:09:17.005 INFO  [main] o.s.c.g.r.RouteDefinitionRouteLocator - Loaded RoutePredicateFactory [RemoteAddr]
2025-11-17 00:09:17.005 INFO  [main] o.s.c.g.r.RouteDefinitionRouteLocator - Loaded RoutePredicateFactory [XForwardedRemoteAddr]
2025-11-17 00:09:17.005 INFO  [main] o.s.c.g.r.RouteDefinitionRouteLocator - Loaded RoutePredicateFactory [Weight]
2025-11-17 00:09:17.005 INFO  [main] o.s.c.g.r.RouteDefinitionRouteLocator - Loaded RoutePredicateFactory [CloudFoundryRouteService]
2025-11-17 00:09:17.091 INFO  [main] o.s.b.a.e.web.EndpointLinksResolver - Exposing 4 endpoint(s) beneath base path '/actuator'
2025-11-17 00:09:17.232 INFO  [main] o.s.b.w.e.netty.NettyWebServer - Netty started on port 8082
2025-11-17 00:09:17.265 INFO  [main] u.f.b.tpi.gateway.GatewayApplication - Started GatewayApplication in 1.442 seconds (process running for 1.603)
2025-11-17 00:09:26.142 ERROR [parallel-1] i.n.r.d.DnsServerAddressStreamProviders - Unable to load io.netty.resolver.dns.macos.MacOSDnsServerAddressStreamProvider, fallback to system defaults. This may result in incorrect DNS resolutions on MacOS. Check whether you have a dependency on 'io.netty:netty-resolver-dns-native-macos'. Use DEBUG level to see the full stack: java.lang.UnsatisfiedLinkError: failed to load the required native library
2025-11-17 00:14:46.444 INFO  [background-preinit] o.h.validator.internal.util.Version - HV000001: Hibernate Validator 8.0.1.Final
2025-11-17 00:14:46.539 INFO  [main] u.f.b.tpi.gateway.GatewayApplication - Starting GatewayApplication using Java 21.0.8 with PID 54261 (/Users/bisiojuan/Desktop/TrabajoPracticoBackend/TPforReal/tp-backend/gateway/target/classes started by bisiojuan in /Users/bisiojuan/Desktop/TrabajoPracticoBackend/TPforReal/tp-backend/gateway)
2025-11-17 00:14:46.540 DEBUG [main] u.f.b.tpi.gateway.GatewayApplication - Running with Spring Boot v3.1.4, Spring v6.0.12
2025-11-17 00:14:46.541 INFO  [main] u.f.b.tpi.gateway.GatewayApplication - No active profile set, falling back to 1 default profile: "default"
2025-11-17 00:14:47.596 INFO  [main] o.s.cloud.context.scope.GenericScope - BeanFactory id=d23dbb4f-54ee-3ef3-89d5-44a108f2630f
2025-11-17 00:14:48.499 INFO  [main] o.s.c.g.r.RouteDefinitionRouteLocator - Loaded RoutePredicateFactory [After]
2025-11-17 00:14:48.499 INFO  [main] o.s.c.g.r.RouteDefinitionRouteLocator - Loaded RoutePredicateFactory [Before]
2025-11-17 00:14:48.499 INFO  [main] o.s.c.g.r.RouteDefinitionRouteLocator - Loaded RoutePredicateFactory [Between]
2025-11-17 00:14:48.499 INFO  [main] o.s.c.g.r.RouteDefinitionRouteLocator - Loaded RoutePredicateFactory [Cookie]
2025-11-17 00:14:48.499 INFO  [main] o.s.c.g.r.RouteDefinitionRouteLocator - Loaded RoutePredicateFactory [Header]
2025-11-17 00:14:48.500 INFO  [main] o.s.c.g.r.RouteDefinitionRouteLocator - Loaded RoutePredicateFactory [Host]
2025-11-17 00:14:48.500 INFO  [main] o.s.c.g.r.RouteDefinitionRouteLocator - Loaded RoutePredicateFactory [Method]
2025-11-17 00:14:48.500 INFO  [main] o.s.c.g.r.RouteDefinitionRouteLocator - Loaded RoutePredicateFactory [Path]
2025-11-17 00:14:48.500 INFO  [main] o.s.c.g.r.RouteDefinitionRouteLocator - Loaded RoutePredicateFactory [Query]
2025-11-17 00:14:48.500 INFO  [main] o.s.c.g.r.RouteDefinitionRouteLocator - Loaded RoutePredicateFactory [ReadBody]
2025-11-17 00:14:48.500 INFO  [main] o.s.c.g.r.RouteDefinitionRouteLocator - Loaded RoutePredicateFactory [RemoteAddr]
2025-11-17 00:14:48.500 INFO  [main] o.s.c.g.r.RouteDefinitionRouteLocator - Loaded RoutePredicateFactory [XForwardedRemoteAddr]
2025-11-17 00:14:48.500 INFO  [main] o.s.c.g.r.RouteDefinitionRouteLocator - Loaded RoutePredicateFactory [Weight]
2025-11-17 00:14:48.500 INFO  [main] o.s.c.g.r.RouteDefinitionRouteLocator - Loaded RoutePredicateFactory [CloudFoundryRouteService]
2025-11-17 00:14:48.716 INFO  [main] o.s.b.a.e.web.EndpointLinksResolver - Exposing 4 endpoint(s) beneath base path '/actuator'
2025-11-17 00:14:49.265 INFO  [main] o.s.b.w.e.netty.NettyWebServer - Netty started on port 8082
2025-11-17 00:14:49.384 INFO  [main] u.f.b.tpi.gateway.GatewayApplication - Started GatewayApplication in 3.665 seconds (process running for 4.121)
2025-11-17 00:16:20.454 INFO  [background-preinit] o.h.validator.internal.util.Version - HV000001: Hibernate Validator 8.0.1.Final
2025-11-17 00:16:20.494 INFO  [main] u.f.b.tpi.gateway.GatewayApplication - Starting GatewayApplication using Java 21.0.8 with PID 54870 (/Users/bisiojuan/Desktop/TrabajoPracticoBackend/TPforReal/tp-backend/gateway/target/classes started by bisiojuan in /Users/bisiojuan/Desktop/TrabajoPracticoBackend/TPforReal/tp-backend/gateway)
2025-11-17 00:16:20.497 DEBUG [main] u.f.b.tpi.gateway.GatewayApplication - Running with Spring Boot v3.1.4, Spring v6.0.12
2025-11-17 00:16:20.498 INFO  [main] u.f.b.tpi.gateway.GatewayApplication - No active profile set, falling back to 1 default profile: "default"
2025-11-17 00:16:21.731 INFO  [main] o.s.cloud.context.scope.GenericScope - BeanFactory id=d23dbb4f-54ee-3ef3-89d5-44a108f2630f
2025-11-17 00:16:22.633 INFO  [main] o.s.c.g.r.RouteDefinitionRouteLocator - Loaded RoutePredicateFactory [After]
2025-11-17 00:16:22.634 INFO  [main] o.s.c.g.r.RouteDefinitionRouteLocator - Loaded RoutePredicateFactory [Before]
2025-11-17 00:16:22.634 INFO  [main] o.s.c.g.r.RouteDefinitionRouteLocator - Loaded RoutePredicateFactory [Between]
2025-11-17 00:16:22.634 INFO  [main] o.s.c.g.r.RouteDefinitionRouteLocator - Loaded RoutePredicateFactory [Cookie]
2025-11-17 00:16:22.634 INFO  [main] o.s.c.g.r.RouteDefinitionRouteLocator - Loaded RoutePredicateFactory [Header]
2025-11-17 00:16:22.634 INFO  [main] o.s.c.g.r.RouteDefinitionRouteLocator - Loaded RoutePredicateFactory [Host]
2025-11-17 00:16:22.634 INFO  [main] o.s.c.g.r.RouteDefinitionRouteLocator - Loaded RoutePredicateFactory [Method]
2025-11-17 00:16:22.634 INFO  [main] o.s.c.g.r.RouteDefinitionRouteLocator - Loaded RoutePredicateFactory [Path]
2025-11-17 00:16:22.634 INFO  [main] o.s.c.g.r.RouteDefinitionRouteLocator - Loaded RoutePredicateFactory [Query]
2025-11-17 00:16:22.634 INFO  [main] o.s.c.g.r.RouteDefinitionRouteLocator - Loaded RoutePredicateFactory [ReadBody]
2025-11-17 00:16:22.634 INFO  [main] o.s.c.g.r.RouteDefinitionRouteLocator - Loaded RoutePredicateFactory [RemoteAddr]
2025-11-17 00:16:22.634 INFO  [main] o.s.c.g.r.RouteDefinitionRouteLocator - Loaded RoutePredicateFactory [XForwardedRemoteAddr]
2025-11-17 00:16:22.634 INFO  [main] o.s.c.g.r.RouteDefinitionRouteLocator - Loaded RoutePredicateFactory [Weight]
2025-11-17 00:16:22.634 INFO  [main] o.s.c.g.r.RouteDefinitionRouteLocator - Loaded RoutePredicateFactory [CloudFoundryRouteService]
2025-11-17 00:16:22.853 INFO  [main] o.s.b.a.e.web.EndpointLinksResolver - Exposing 4 endpoint(s) beneath base path '/actuator'
2025-11-17 00:16:23.311 INFO  [main] o.s.b.w.e.netty.NettyWebServer - Netty started on port 8082
2025-11-17 00:16:23.385 INFO  [main] u.f.b.tpi.gateway.GatewayApplication - Started GatewayApplication in 3.556 seconds (process running for 3.982)
2025-11-17 00:38:04.745 INFO  [background-preinit] o.h.validator.internal.util.Version - HV000001: Hibernate Validator 8.0.1.Final
2025-11-17 00:38:04.781 INFO  [main] u.f.b.tpi.gateway.GatewayApplication - Starting GatewayApplication using Java 21.0.8 with PID 67040 (/Users/bisiojuan/Desktop/TrabajoPracticoBackend/TPforReal/tp-backend/gateway/target/classes started by bisiojuan in /Users/bisiojuan/Desktop/TrabajoPracticoBackend/TPforReal/tp-backend/gateway)
2025-11-17 00:38:04.781 DEBUG [main] u.f.b.tpi.gateway.GatewayApplication - Running with Spring Boot v3.1.4, Spring v6.0.12
2025-11-17 00:38:04.782 INFO  [main] u.f.b.tpi.gateway.GatewayApplication - No active profile set, falling back to 1 default profile: "default"
2025-11-17 00:38:05.390 INFO  [main] o.s.cloud.context.scope.GenericScope - BeanFactory id=d23dbb4f-54ee-3ef3-89d5-44a108f2630f
2025-11-17 00:38:05.980 INFO  [main] o.s.c.g.r.RouteDefinitionRouteLocator - Loaded RoutePredicateFactory [After]
2025-11-17 00:38:05.980 INFO  [main] o.s.c.g.r.RouteDefinitionRouteLocator - Loaded RoutePredicateFactory [Before]
2025-11-17 00:38:05.980 INFO  [main] o.s.c.g.r.RouteDefinitionRouteLocator - Loaded RoutePredicateFactory [Between]
2025-11-17 00:38:05.980 INFO  [main] o.s.c.g.r.RouteDefinitionRouteLocator - Loaded RoutePredicateFactory [Cookie]
2025-11-17 00:38:05.981 INFO  [main] o.s.c.g.r.RouteDefinitionRouteLocator - Loaded RoutePredicateFactory [Header]
2025-11-17 00:38:05.981 INFO  [main] o.s.c.g.r.RouteDefinitionRouteLocator - Loaded RoutePredicateFactory [Host]
2025-11-17 00:38:05.981 INFO  [main] o.s.c.g.r.RouteDefinitionRouteLocator - Loaded RoutePredicateFactory [Method]
2025-11-17 00:38:05.981 INFO  [main] o.s.c.g.r.RouteDefinitionRouteLocator - Loaded RoutePredicateFactory [Path]
2025-11-17 00:38:05.981 INFO  [main] o.s.c.g.r.RouteDefinitionRouteLocator - Loaded RoutePredicateFactory [Query]
2025-11-17 00:38:05.981 INFO  [main] o.s.c.g.r.RouteDefinitionRouteLocator - Loaded RoutePredicateFactory [ReadBody]
2025-11-17 00:38:05.981 INFO  [main] o.s.c.g.r.RouteDefinitionRouteLocator - Loaded RoutePredicateFactory [RemoteAddr]
2025-11-17 00:38:05.981 INFO  [main] o.s.c.g.r.RouteDefinitionRouteLocator - Loaded RoutePredicateFactory [XForwardedRemoteAddr]
2025-11-17 00:38:05.981 INFO  [main] o.s.c.g.r.RouteDefinitionRouteLocator - Loaded RoutePredicateFactory [Weight]
2025-11-17 00:38:05.981 INFO  [main] o.s.c.g.r.RouteDefinitionRouteLocator - Loaded RoutePredicateFactory [CloudFoundryRouteService]
2025-11-17 00:38:06.124 INFO  [main] o.s.b.a.e.web.EndpointLinksResolver - Exposing 4 endpoint(s) beneath base path '/actuator'
2025-11-17 00:38:06.380 INFO  [main] o.s.b.w.e.netty.NettyWebServer - Netty started on port 8082
2025-11-17 00:38:06.430 INFO  [main] u.f.b.tpi.gateway.GatewayApplication - Started GatewayApplication in 2.108 seconds (process running for 2.426)
2025-11-17 00:48:25.810 INFO  [background-preinit] o.h.validator.internal.util.Version - HV000001: Hibernate Validator 8.0.1.Final
2025-11-17 00:48:25.860 INFO  [main] u.f.b.tpi.gateway.GatewayApplication - Starting GatewayApplication using Java 21.0.8 with PID 72888 (/Users/bisiojuan/Desktop/TrabajoPracticoBackend/TPforReal/tp-backend/gateway/target/classes started by bisiojuan in /Users/bisiojuan/Desktop/TrabajoPracticoBackend/TPforReal/tp-backend/gateway)
2025-11-17 00:48:25.860 DEBUG [main] u.f.b.tpi.gateway.GatewayApplication - Running with Spring Boot v3.1.4, Spring v6.0.12
2025-11-17 00:48:25.861 INFO  [main] u.f.b.tpi.gateway.GatewayApplication - No active profile set, falling back to 1 default profile: "default"
2025-11-17 00:48:26.813 INFO  [main] o.s.cloud.context.scope.GenericScope - BeanFactory id=d23dbb4f-54ee-3ef3-89d5-44a108f2630f
2025-11-17 00:48:27.639 INFO  [main] o.s.c.g.r.RouteDefinitionRouteLocator - Loaded RoutePredicateFactory [After]
2025-11-17 00:48:27.639 INFO  [main] o.s.c.g.r.RouteDefinitionRouteLocator - Loaded RoutePredicateFactory [Before]
2025-11-17 00:48:27.639 INFO  [main] o.s.c.g.r.RouteDefinitionRouteLocator - Loaded RoutePredicateFactory [Between]
2025-11-17 00:48:27.639 INFO  [main] o.s.c.g.r.RouteDefinitionRouteLocator - Loaded RoutePredicateFactory [Cookie]
2025-11-17 00:48:27.640 INFO  [main] o.s.c.g.r.RouteDefinitionRouteLocator - Loaded RoutePredicateFactory [Header]
2025-11-17 00:48:27.640 INFO  [main] o.s.c.g.r.RouteDefinitionRouteLocator - Loaded RoutePredicateFactory [Host]
2025-11-17 00:48:27.640 INFO  [main] o.s.c.g.r.RouteDefinitionRouteLocator - Loaded RoutePredicateFactory [Method]
2025-11-17 00:48:27.640 INFO  [main] o.s.c.g.r.RouteDefinitionRouteLocator - Loaded RoutePredicateFactory [Path]
2025-11-17 00:48:27.640 INFO  [main] o.s.c.g.r.RouteDefinitionRouteLocator - Loaded RoutePredicateFactory [Query]
2025-11-17 00:48:27.640 INFO  [main] o.s.c.g.r.RouteDefinitionRouteLocator - Loaded RoutePredicateFactory [ReadBody]
2025-11-17 00:48:27.640 INFO  [main] o.s.c.g.r.RouteDefinitionRouteLocator - Loaded RoutePredicateFactory [RemoteAddr]
2025-11-17 00:48:27.640 INFO  [main] o.s.c.g.r.RouteDefinitionRouteLocator - Loaded RoutePredicateFactory [XForwardedRemoteAddr]
2025-11-17 00:48:27.640 INFO  [main] o.s.c.g.r.RouteDefinitionRouteLocator - Loaded RoutePredicateFactory [Weight]
2025-11-17 00:48:27.640 INFO  [main] o.s.c.g.r.RouteDefinitionRouteLocator - Loaded RoutePredicateFactory [CloudFoundryRouteService]
2025-11-17 00:48:27.795 INFO  [main] o.s.b.a.e.web.EndpointLinksResolver - Exposing 4 endpoint(s) beneath base path '/actuator'
2025-11-17 00:48:28.153 INFO  [main] o.s.b.w.e.netty.NettyWebServer - Netty started on port 8082
2025-11-17 00:48:28.266 INFO  [main] u.f.b.tpi.gateway.GatewayApplication - Started GatewayApplication in 3.24 seconds (process running for 3.71)
2025-11-17 00:51:31.717 ERROR [parallel-1] i.n.r.d.DnsServerAddressStreamProviders - Unable to load io.netty.resolver.dns.macos.MacOSDnsServerAddressStreamProvider, fallback to system defaults. This may result in incorrect DNS resolutions on MacOS. Check whether you have a dependency on 'io.netty:netty-resolver-dns-native-macos'. Use DEBUG level to see the full stack: java.lang.UnsatisfiedLinkError: failed to load the required native library
2025-11-17 01:14:19.655 INFO  [background-preinit] o.h.validator.internal.util.Version - HV000001: Hibernate Validator 8.0.1.Final
2025-11-17 01:14:19.697 INFO  [main] u.f.b.tpi.gateway.GatewayApplication - Starting GatewayApplication using Java 21.0.8 with PID 74932 (/Users/bisiojuan/Desktop/TrabajoPracticoBackend/TPforReal/tp-backend/gateway/target/classes started by bisiojuan in /Users/bisiojuan/Desktop/TrabajoPracticoBackend/TPforReal/tp-backend/gateway)
2025-11-17 01:14:19.697 DEBUG [main] u.f.b.tpi.gateway.GatewayApplication - Running with Spring Boot v3.1.4, Spring v6.0.12
2025-11-17 01:14:19.697 INFO  [main] u.f.b.tpi.gateway.GatewayApplication - No active profile set, falling back to 1 default profile: "default"
2025-11-17 01:14:20.367 INFO  [main] o.s.cloud.context.scope.GenericScope - BeanFactory id=d23dbb4f-54ee-3ef3-89d5-44a108f2630f
2025-11-17 01:14:20.995 INFO  [main] o.s.c.g.r.RouteDefinitionRouteLocator - Loaded RoutePredicateFactory [After]
2025-11-17 01:14:20.995 INFO  [main] o.s.c.g.r.RouteDefinitionRouteLocator - Loaded RoutePredicateFactory [Before]
2025-11-17 01:14:20.995 INFO  [main] o.s.c.g.r.RouteDefinitionRouteLocator - Loaded RoutePredicateFactory [Between]
2025-11-17 01:14:20.995 INFO  [main] o.s.c.g.r.RouteDefinitionRouteLocator - Loaded RoutePredicateFactory [Cookie]
2025-11-17 01:14:20.995 INFO  [main] o.s.c.g.r.RouteDefinitionRouteLocator - Loaded RoutePredicateFactory [Header]
2025-11-17 01:14:20.995 INFO  [main] o.s.c.g.r.RouteDefinitionRouteLocator - Loaded RoutePredicateFactory [Host]
2025-11-17 01:14:20.995 INFO  [main] o.s.c.g.r.RouteDefinitionRouteLocator - Loaded RoutePredicateFactory [Method]
2025-11-17 01:14:20.995 INFO  [main] o.s.c.g.r.RouteDefinitionRouteLocator - Loaded RoutePredicateFactory [Path]
2025-11-17 01:14:20.995 INFO  [main] o.s.c.g.r.RouteDefinitionRouteLocator - Loaded RoutePredicateFactory [Query]
2025-11-17 01:14:20.995 INFO  [main] o.s.c.g.r.RouteDefinitionRouteLocator - Loaded RoutePredicateFactory [ReadBody]
2025-11-17 01:14:20.995 INFO  [main] o.s.c.g.r.RouteDefinitionRouteLocator - Loaded RoutePredicateFactory [RemoteAddr]
2025-11-17 01:14:20.995 INFO  [main] o.s.c.g.r.RouteDefinitionRouteLocator - Loaded RoutePredicateFactory [XForwardedRemoteAddr]
2025-11-17 01:14:20.995 INFO  [main] o.s.c.g.r.RouteDefinitionRouteLocator - Loaded RoutePredicateFactory [Weight]
2025-11-17 01:14:20.995 INFO  [main] o.s.c.g.r.RouteDefinitionRouteLocator - Loaded RoutePredicateFactory [CloudFoundryRouteService]
2025-11-17 01:14:21.089 INFO  [main] o.s.b.a.e.web.EndpointLinksResolver - Exposing 4 endpoint(s) beneath base path '/actuator'
2025-11-17 01:14:21.310 WARN  [main] o.s.b.w.r.c.AnnotationConfigReactiveWebServerApplicationContext - Exception encountered during context initialization - cancelling refresh attempt: org.springframework.context.ApplicationContextException: Failed to start bean 'webServerStartStop'
2025-11-17 01:14:23.411 INFO  [main] o.s.b.a.l.ConditionEvaluationReportLogger - 

Error starting ApplicationContext. To display the condition evaluation report re-run your application with 'debug' enabled.
2025-11-17 01:14:23.466 ERROR [main] o.s.b.d.LoggingFailureAnalysisReporter - 

***************************
APPLICATION FAILED TO START
***************************

Description:

Web server failed to start. Port 8082 was already in use.

Action:

Identify and stop the process that's listening on port 8082 or configure this application to listen on another port.

2025-11-17 01:15:42.356 INFO  [background-preinit] o.h.validator.internal.util.Version - HV000001: Hibernate Validator 8.0.1.Final
2025-11-17 01:15:42.409 INFO  [main] u.f.b.tpi.gateway.GatewayApplication - Starting GatewayApplication using Java 21.0.8 with PID 75364 (/Users/bisiojuan/Desktop/TrabajoPracticoBackend/TPforReal/tp-backend/gateway/target/classes started by bisiojuan in /Users/bisiojuan/Desktop/TrabajoPracticoBackend/TPforReal/tp-backend/gateway)
2025-11-17 01:15:42.409 DEBUG [main] u.f.b.tpi.gateway.GatewayApplication - Running with Spring Boot v3.1.4, Spring v6.0.12
2025-11-17 01:15:42.409 INFO  [main] u.f.b.tpi.gateway.GatewayApplication - No active profile set, falling back to 1 default profile: "default"
2025-11-17 01:15:43.037 INFO  [main] o.s.cloud.context.scope.GenericScope - BeanFactory id=d23dbb4f-54ee-3ef3-89d5-44a108f2630f
2025-11-17 01:15:43.544 INFO  [main] o.s.c.g.r.RouteDefinitionRouteLocator - Loaded RoutePredicateFactory [After]
2025-11-17 01:15:43.544 INFO  [main] o.s.c.g.r.RouteDefinitionRouteLocator - Loaded RoutePredicateFactory [Before]
2025-11-17 01:15:43.544 INFO  [main] o.s.c.g.r.RouteDefinitionRouteLocator - Loaded RoutePredicateFactory [Between]
2025-11-17 01:15:43.545 INFO  [main] o.s.c.g.r.RouteDefinitionRouteLocator - Loaded RoutePredicateFactory [Cookie]
2025-11-17 01:15:43.545 INFO  [main] o.s.c.g.r.RouteDefinitionRouteLocator - Loaded RoutePredicateFactory [Header]
2025-11-17 01:15:43.545 INFO  [main] o.s.c.g.r.RouteDefinitionRouteLocator - Loaded RoutePredicateFactory [Host]
2025-11-17 01:15:43.545 INFO  [main] o.s.c.g.r.RouteDefinitionRouteLocator - Loaded RoutePredicateFactory [Method]
2025-11-17 01:15:43.545 INFO  [main] o.s.c.g.r.RouteDefinitionRouteLocator - Loaded RoutePredicateFactory [Path]
2025-11-17 01:15:43.545 INFO  [main] o.s.c.g.r.RouteDefinitionRouteLocator - Loaded RoutePredicateFactory [Query]
2025-11-17 01:15:43.545 INFO  [main] o.s.c.g.r.RouteDefinitionRouteLocator - Loaded RoutePredicateFactory [ReadBody]
2025-11-17 01:15:43.545 INFO  [main] o.s.c.g.r.RouteDefinitionRouteLocator - Loaded RoutePredicateFactory [RemoteAddr]
2025-11-17 01:15:43.545 INFO  [main] o.s.c.g.r.RouteDefinitionRouteLocator - Loaded RoutePredicateFactory [XForwardedRemoteAddr]
2025-11-17 01:15:43.545 INFO  [main] o.s.c.g.r.RouteDefinitionRouteLocator - Loaded RoutePredicateFactory [Weight]
2025-11-17 01:15:43.545 INFO  [main] o.s.c.g.r.RouteDefinitionRouteLocator - Loaded RoutePredicateFactory [CloudFoundryRouteService]
2025-11-17 01:15:43.668 INFO  [main] o.s.b.a.e.web.EndpointLinksResolver - Exposing 4 endpoint(s) beneath base path '/actuator'
2025-11-17 01:15:43.826 INFO  [main] o.s.b.w.e.netty.NettyWebServer - Netty started on port 8082
2025-11-17 01:15:43.860 INFO  [main] u.f.b.tpi.gateway.GatewayApplication - Started GatewayApplication in 2.137 seconds (process running for 2.331)
2025-11-17 01:17:36.035 ERROR [parallel-1] i.n.r.d.DnsServerAddressStreamProviders - Unable to load io.netty.resolver.dns.macos.MacOSDnsServerAddressStreamProvider, fallback to system defaults. This may result in incorrect DNS resolutions on MacOS. Check whether you have a dependency on 'io.netty:netty-resolver-dns-native-macos'. Use DEBUG level to see the full stack: java.lang.UnsatisfiedLinkError: failed to load the required native library
2025-11-17 01:42:15.228 INFO  [background-preinit] o.h.validator.internal.util.Version - HV000001: Hibernate Validator 8.0.1.Final
2025-11-17 01:42:15.306 INFO  [main] u.f.b.tpi.gateway.GatewayApplication - Starting GatewayApplication using Java 21.0.8 with PID 79511 (/Users/bisiojuan/Desktop/TrabajoPracticoBackend/TPforReal/tp-backend/gateway/target/classes started by bisiojuan in /Users/bisiojuan/Desktop/TrabajoPracticoBackend/TPforReal/tp-backend/gateway)
2025-11-17 01:42:15.306 DEBUG [main] u.f.b.tpi.gateway.GatewayApplication - Running with Spring Boot v3.1.4, Spring v6.0.12
2025-11-17 01:42:15.307 INFO  [main] u.f.b.tpi.gateway.GatewayApplication - No active profile set, falling back to 1 default profile: "default"
2025-11-17 01:42:16.278 INFO  [main] o.s.cloud.context.scope.GenericScope - BeanFactory id=d23dbb4f-54ee-3ef3-89d5-44a108f2630f
2025-11-17 01:42:16.727 INFO  [main] o.s.c.g.r.RouteDefinitionRouteLocator - Loaded RoutePredicateFactory [After]
2025-11-17 01:42:16.727 INFO  [main] o.s.c.g.r.RouteDefinitionRouteLocator - Loaded RoutePredicateFactory [Before]
2025-11-17 01:42:16.727 INFO  [main] o.s.c.g.r.RouteDefinitionRouteLocator - Loaded RoutePredicateFactory [Between]
2025-11-17 01:42:16.728 INFO  [main] o.s.c.g.r.RouteDefinitionRouteLocator - Loaded RoutePredicateFactory [Cookie]
2025-11-17 01:42:16.728 INFO  [main] o.s.c.g.r.RouteDefinitionRouteLocator - Loaded RoutePredicateFactory [Header]
2025-11-17 01:42:16.728 INFO  [main] o.s.c.g.r.RouteDefinitionRouteLocator - Loaded RoutePredicateFactory [Host]
2025-11-17 01:42:16.728 INFO  [main] o.s.c.g.r.RouteDefinitionRouteLocator - Loaded RoutePredicateFactory [Method]
2025-11-17 01:42:16.728 INFO  [main] o.s.c.g.r.RouteDefinitionRouteLocator - Loaded RoutePredicateFactory [Path]
2025-11-17 01:42:16.728 INFO  [main] o.s.c.g.r.RouteDefinitionRouteLocator - Loaded RoutePredicateFactory [Query]
2025-11-17 01:42:16.728 INFO  [main] o.s.c.g.r.RouteDefinitionRouteLocator - Loaded RoutePredicateFactory [ReadBody]
2025-11-17 01:42:16.728 INFO  [main] o.s.c.g.r.RouteDefinitionRouteLocator - Loaded RoutePredicateFactory [RemoteAddr]
2025-11-17 01:42:16.728 INFO  [main] o.s.c.g.r.RouteDefinitionRouteLocator - Loaded RoutePredicateFactory [XForwardedRemoteAddr]
2025-11-17 01:42:16.728 INFO  [main] o.s.c.g.r.RouteDefinitionRouteLocator - Loaded RoutePredicateFactory [Weight]
2025-11-17 01:42:16.728 INFO  [main] o.s.c.g.r.RouteDefinitionRouteLocator - Loaded RoutePredicateFactory [CloudFoundryRouteService]
2025-11-17 01:42:16.836 INFO  [main] o.s.b.a.e.web.EndpointLinksResolver - Exposing 4 endpoint(s) beneath base path '/actuator'
2025-11-17 01:42:16.983 WARN  [main] o.s.b.w.r.c.AnnotationConfigReactiveWebServerApplicationContext - Exception encountered during context initialization - cancelling refresh attempt: org.springframework.context.ApplicationContextException: Failed to start bean 'webServerStartStop'
2025-11-17 01:42:19.089 INFO  [main] o.s.b.a.l.ConditionEvaluationReportLogger - 

Error starting ApplicationContext. To display the condition evaluation report re-run your application with 'debug' enabled.
2025-11-17 01:42:19.106 ERROR [main] o.s.b.d.LoggingFailureAnalysisReporter - 

***************************
APPLICATION FAILED TO START
***************************

Description:

Web server failed to start. Port 8082 was already in use.

Action:

Identify and stop the process that's listening on port 8082 or configure this application to listen on another port.

2025-11-17 10:17:10.771 INFO  [background-preinit] o.h.validator.internal.util.Version - HV000001: Hibernate Validator 8.0.1.Final
2025-11-17 10:17:10.799 INFO  [main] u.f.b.tpi.gateway.GatewayApplication - Starting GatewayApplication using Java 21.0.8 with PID 13047 (/Users/bisiojuan/Desktop/TrabajoPracticoBackend/TPforReal/tp-backend/gateway/target/classes started by bisiojuan in /Users/bisiojuan/Desktop/TrabajoPracticoBackend/TPforReal/tp-backend/gateway)
2025-11-17 10:17:10.800 DEBUG [main] u.f.b.tpi.gateway.GatewayApplication - Running with Spring Boot v3.1.4, Spring v6.0.12
2025-11-17 10:17:10.800 INFO  [main] u.f.b.tpi.gateway.GatewayApplication - No active profile set, falling back to 1 default profile: "default"
2025-11-17 10:17:11.453 INFO  [main] o.s.cloud.context.scope.GenericScope - BeanFactory id=d23dbb4f-54ee-3ef3-89d5-44a108f2630f
2025-11-17 10:17:12.102 INFO  [main] o.s.c.g.r.RouteDefinitionRouteLocator - Loaded RoutePredicateFactory [After]
2025-11-17 10:17:12.102 INFO  [main] o.s.c.g.r.RouteDefinitionRouteLocator - Loaded RoutePredicateFactory [Before]
2025-11-17 10:17:12.102 INFO  [main] o.s.c.g.r.RouteDefinitionRouteLocator - Loaded RoutePredicateFactory [Between]
2025-11-17 10:17:12.102 INFO  [main] o.s.c.g.r.RouteDefinitionRouteLocator - Loaded RoutePredicateFactory [Cookie]
2025-11-17 10:17:12.102 INFO  [main] o.s.c.g.r.RouteDefinitionRouteLocator - Loaded RoutePredicateFactory [Header]
2025-11-17 10:17:12.102 INFO  [main] o.s.c.g.r.RouteDefinitionRouteLocator - Loaded RoutePredicateFactory [Host]
2025-11-17 10:17:12.102 INFO  [main] o.s.c.g.r.RouteDefinitionRouteLocator - Loaded RoutePredicateFactory [Method]
2025-11-17 10:17:12.102 INFO  [main] o.s.c.g.r.RouteDefinitionRouteLocator - Loaded RoutePredicateFactory [Path]
2025-11-17 10:17:12.102 INFO  [main] o.s.c.g.r.RouteDefinitionRouteLocator - Loaded RoutePredicateFactory [Query]
2025-11-17 10:17:12.102 INFO  [main] o.s.c.g.r.RouteDefinitionRouteLocator - Loaded RoutePredicateFactory [ReadBody]
2025-11-17 10:17:12.102 INFO  [main] o.s.c.g.r.RouteDefinitionRouteLocator - Loaded RoutePredicateFactory [RemoteAddr]
2025-11-17 10:17:12.102 INFO  [main] o.s.c.g.r.RouteDefinitionRouteLocator - Loaded RoutePredicateFactory [XForwardedRemoteAddr]
2025-11-17 10:17:12.102 INFO  [main] o.s.c.g.r.RouteDefinitionRouteLocator - Loaded RoutePredicateFactory [Weight]
2025-11-17 10:17:12.103 INFO  [main] o.s.c.g.r.RouteDefinitionRouteLocator - Loaded RoutePredicateFactory [CloudFoundryRouteService]
2025-11-17 10:17:12.246 INFO  [main] o.s.b.a.e.web.EndpointLinksResolver - Exposing 4 endpoint(s) beneath base path '/actuator'
2025-11-17 10:17:12.458 WARN  [main] o.s.b.w.r.c.AnnotationConfigReactiveWebServerApplicationContext - Exception encountered during context initialization - cancelling refresh attempt: org.springframework.context.ApplicationContextException: Failed to start bean 'webServerStartStop'
2025-11-17 10:17:14.582 INFO  [main] o.s.b.a.l.ConditionEvaluationReportLogger - 

Error starting ApplicationContext. To display the condition evaluation report re-run your application with 'debug' enabled.
2025-11-17 10:17:14.617 ERROR [main] o.s.b.d.LoggingFailureAnalysisReporter - 

***************************
APPLICATION FAILED TO START
***************************

Description:

Web server failed to start. Port 8082 was already in use.

Action:

Identify and stop the process that's listening on port 8082 or configure this application to listen on another port.

2025-11-17 10:19:18.812 INFO  [background-preinit] o.h.validator.internal.util.Version - HV000001: Hibernate Validator 8.0.1.Final
2025-11-17 10:19:18.837 INFO  [main] u.f.b.tpi.gateway.GatewayApplication - Starting GatewayApplication using Java 21.0.8 with PID 13560 (/Users/bisiojuan/Desktop/TrabajoPracticoBackend/TPforReal/tp-backend/gateway/target/classes started by bisiojuan in /Users/bisiojuan/Desktop/TrabajoPracticoBackend/TPforReal/tp-backend/gateway)
2025-11-17 10:19:18.838 DEBUG [main] u.f.b.tpi.gateway.GatewayApplication - Running with Spring Boot v3.1.4, Spring v6.0.12
2025-11-17 10:19:18.838 INFO  [main] u.f.b.tpi.gateway.GatewayApplication - No active profile set, falling back to 1 default profile: "default"
2025-11-17 10:19:19.289 INFO  [main] o.s.cloud.context.scope.GenericScope - BeanFactory id=d23dbb4f-54ee-3ef3-89d5-44a108f2630f
2025-11-17 10:19:19.706 INFO  [main] o.s.c.g.r.RouteDefinitionRouteLocator - Loaded RoutePredicateFactory [After]
2025-11-17 10:19:19.706 INFO  [main] o.s.c.g.r.RouteDefinitionRouteLocator - Loaded RoutePredicateFactory [Before]
2025-11-17 10:19:19.706 INFO  [main] o.s.c.g.r.RouteDefinitionRouteLocator - Loaded RoutePredicateFactory [Between]
2025-11-17 10:19:19.706 INFO  [main] o.s.c.g.r.RouteDefinitionRouteLocator - Loaded RoutePredicateFactory [Cookie]
2025-11-17 10:19:19.706 INFO  [main] o.s.c.g.r.RouteDefinitionRouteLocator - Loaded RoutePredicateFactory [Header]
2025-11-17 10:19:19.706 INFO  [main] o.s.c.g.r.RouteDefinitionRouteLocator - Loaded RoutePredicateFactory [Host]
2025-11-17 10:19:19.706 INFO  [main] o.s.c.g.r.RouteDefinitionRouteLocator - Loaded RoutePredicateFactory [Method]
2025-11-17 10:19:19.706 INFO  [main] o.s.c.g.r.RouteDefinitionRouteLocator - Loaded RoutePredicateFactory [Path]
2025-11-17 10:19:19.706 INFO  [main] o.s.c.g.r.RouteDefinitionRouteLocator - Loaded RoutePredicateFactory [Query]
2025-11-17 10:19:19.706 INFO  [main] o.s.c.g.r.RouteDefinitionRouteLocator - Loaded RoutePredicateFactory [ReadBody]
2025-11-17 10:19:19.706 INFO  [main] o.s.c.g.r.RouteDefinitionRouteLocator - Loaded RoutePredicateFactory [RemoteAddr]
2025-11-17 10:19:19.706 INFO  [main] o.s.c.g.r.RouteDefinitionRouteLocator - Loaded RoutePredicateFactory [XForwardedRemoteAddr]
2025-11-17 10:19:19.706 INFO  [main] o.s.c.g.r.RouteDefinitionRouteLocator - Loaded RoutePredicateFactory [Weight]
2025-11-17 10:19:19.706 INFO  [main] o.s.c.g.r.RouteDefinitionRouteLocator - Loaded RoutePredicateFactory [CloudFoundryRouteService]
2025-11-17 10:19:19.784 INFO  [main] o.s.b.a.e.web.EndpointLinksResolver - Exposing 4 endpoint(s) beneath base path '/actuator'
2025-11-17 10:19:19.920 INFO  [main] o.s.b.w.e.netty.NettyWebServer - Netty started on port 8082
2025-11-17 10:19:19.957 INFO  [main] u.f.b.tpi.gateway.GatewayApplication - Started GatewayApplication in 1.479 seconds (process running for 1.815)
2025-11-17 10:19:39.043 ERROR [parallel-1] i.n.r.d.DnsServerAddressStreamProviders - Unable to load io.netty.resolver.dns.macos.MacOSDnsServerAddressStreamProvider, fallback to system defaults. This may result in incorrect DNS resolutions on MacOS. Check whether you have a dependency on 'io.netty:netty-resolver-dns-native-macos'. Use DEBUG level to see the full stack: java.lang.UnsatisfiedLinkError: failed to load the required native library
2025-11-17 10:28:01.502 INFO  [background-preinit] o.h.validator.internal.util.Version - HV000001: Hibernate Validator 8.0.1.Final
2025-11-17 10:28:01.590 INFO  [main] u.f.b.tpi.gateway.GatewayApplication - Starting GatewayApplication using Java 21.0.8 with PID 15781 (/Users/bisiojuan/Desktop/TrabajoPracticoBackend/TPforReal/tp-backend/gateway/target/classes started by bisiojuan in /Users/bisiojuan/Desktop/TrabajoPracticoBackend/TPforReal/tp-backend/gateway)
2025-11-17 10:28:01.591 DEBUG [main] u.f.b.tpi.gateway.GatewayApplication - Running with Spring Boot v3.1.4, Spring v6.0.12
2025-11-17 10:28:01.591 INFO  [main] u.f.b.tpi.gateway.GatewayApplication - No active profile set, falling back to 1 default profile: "default"
2025-11-17 10:28:03.328 INFO  [main] o.s.cloud.context.scope.GenericScope - BeanFactory id=d23dbb4f-54ee-3ef3-89d5-44a108f2630f
2025-11-17 10:28:04.629 INFO  [main] o.s.c.g.r.RouteDefinitionRouteLocator - Loaded RoutePredicateFactory [After]
2025-11-17 10:28:04.631 INFO  [main] o.s.c.g.r.RouteDefinitionRouteLocator - Loaded RoutePredicateFactory [Before]
2025-11-17 10:28:04.632 INFO  [main] o.s.c.g.r.RouteDefinitionRouteLocator - Loaded RoutePredicateFactory [Between]
2025-11-17 10:28:04.633 INFO  [main] o.s.c.g.r.RouteDefinitionRouteLocator - Loaded RoutePredicateFactory [Cookie]
2025-11-17 10:28:04.633 INFO  [main] o.s.c.g.r.RouteDefinitionRouteLocator - Loaded RoutePredicateFactory [Header]
2025-11-17 10:28:04.633 INFO  [main] o.s.c.g.r.RouteDefinitionRouteLocator - Loaded RoutePredicateFactory [Host]
2025-11-17 10:28:04.633 INFO  [main] o.s.c.g.r.RouteDefinitionRouteLocator - Loaded RoutePredicateFactory [Method]
2025-11-17 10:28:04.633 INFO  [main] o.s.c.g.r.RouteDefinitionRouteLocator - Loaded RoutePredicateFactory [Path]
2025-11-17 10:28:04.633 INFO  [main] o.s.c.g.r.RouteDefinitionRouteLocator - Loaded RoutePredicateFactory [Query]
2025-11-17 10:28:04.633 INFO  [main] o.s.c.g.r.RouteDefinitionRouteLocator - Loaded RoutePredicateFactory [ReadBody]
2025-11-17 10:28:04.634 INFO  [main] o.s.c.g.r.RouteDefinitionRouteLocator - Loaded RoutePredicateFactory [RemoteAddr]
2025-11-17 10:28:04.634 INFO  [main] o.s.c.g.r.RouteDefinitionRouteLocator - Loaded RoutePredicateFactory [XForwardedRemoteAddr]
2025-11-17 10:28:04.634 INFO  [main] o.s.c.g.r.RouteDefinitionRouteLocator - Loaded RoutePredicateFactory [Weight]
2025-11-17 10:28:04.634 INFO  [main] o.s.c.g.r.RouteDefinitionRouteLocator - Loaded RoutePredicateFactory [CloudFoundryRouteService]
2025-11-17 10:28:04.925 INFO  [main] o.s.b.a.e.web.EndpointLinksResolver - Exposing 4 endpoint(s) beneath base path '/actuator'
2025-11-17 10:28:05.444 INFO  [main] o.s.b.w.e.netty.NettyWebServer - Netty started on port 8082
2025-11-17 10:28:05.552 INFO  [main] u.f.b.tpi.gateway.GatewayApplication - Started GatewayApplication in 4.865 seconds (process running for 5.542)
2025-11-17 10:29:50.193 ERROR [parallel-1] i.n.r.d.DnsServerAddressStreamProviders - Unable to load io.netty.resolver.dns.macos.MacOSDnsServerAddressStreamProvider, fallback to system defaults. This may result in incorrect DNS resolutions on MacOS. Check whether you have a dependency on 'io.netty:netty-resolver-dns-native-macos'. Use DEBUG level to see the full stack: java.lang.UnsatisfiedLinkError: failed to load the required native library
2025-11-17 22:42:35.042 INFO  [background-preinit] o.h.validator.internal.util.Version - HV000001: Hibernate Validator 8.0.1.Final
2025-11-17 22:42:35.115 INFO  [main] u.f.b.tpi.gateway.GatewayApplication - Starting GatewayApplication using Java 21.0.8 with PID 40027 (/Users/bisiojuan/Desktop/TrabajoPracticoBackend/TPforReal/tp-backend/gateway/target/classes started by bisiojuan in /Users/bisiojuan/Desktop/TrabajoPracticoBackend/TPforReal/tp-backend/gateway)
2025-11-17 22:42:35.115 DEBUG [main] u.f.b.tpi.gateway.GatewayApplication - Running with Spring Boot v3.1.4, Spring v6.0.12
2025-11-17 22:42:35.115 INFO  [main] u.f.b.tpi.gateway.GatewayApplication - No active profile set, falling back to 1 default profile: "default"
2025-11-17 22:42:36.347 INFO  [main] o.s.cloud.context.scope.GenericScope - BeanFactory id=d23dbb4f-54ee-3ef3-89d5-44a108f2630f
2025-11-17 22:42:37.505 INFO  [main] o.s.c.g.r.RouteDefinitionRouteLocator - Loaded RoutePredicateFactory [After]
2025-11-17 22:42:37.507 INFO  [main] o.s.c.g.r.RouteDefinitionRouteLocator - Loaded RoutePredicateFactory [Before]
2025-11-17 22:42:37.507 INFO  [main] o.s.c.g.r.RouteDefinitionRouteLocator - Loaded RoutePredicateFactory [Between]
2025-11-17 22:42:37.507 INFO  [main] o.s.c.g.r.RouteDefinitionRouteLocator - Loaded RoutePredicateFactory [Cookie]
2025-11-17 22:42:37.507 INFO  [main] o.s.c.g.r.RouteDefinitionRouteLocator - Loaded RoutePredicateFactory [Header]
2025-11-17 22:42:37.507 INFO  [main] o.s.c.g.r.RouteDefinitionRouteLocator - Loaded RoutePredicateFactory [Host]
2025-11-17 22:42:37.507 INFO  [main] o.s.c.g.r.RouteDefinitionRouteLocator - Loaded RoutePredicateFactory [Method]
2025-11-17 22:42:37.507 INFO  [main] o.s.c.g.r.RouteDefinitionRouteLocator - Loaded RoutePredicateFactory [Path]
2025-11-17 22:42:37.507 INFO  [main] o.s.c.g.r.RouteDefinitionRouteLocator - Loaded RoutePredicateFactory [Query]
2025-11-17 22:42:37.507 INFO  [main] o.s.c.g.r.RouteDefinitionRouteLocator - Loaded RoutePredicateFactory [ReadBody]
2025-11-17 22:42:37.508 INFO  [main] o.s.c.g.r.RouteDefinitionRouteLocator - Loaded RoutePredicateFactory [RemoteAddr]
2025-11-17 22:42:37.508 INFO  [main] o.s.c.g.r.RouteDefinitionRouteLocator - Loaded RoutePredicateFactory [XForwardedRemoteAddr]
2025-11-17 22:42:37.508 INFO  [main] o.s.c.g.r.RouteDefinitionRouteLocator - Loaded RoutePredicateFactory [Weight]
2025-11-17 22:42:37.508 INFO  [main] o.s.c.g.r.RouteDefinitionRouteLocator - Loaded RoutePredicateFactory [CloudFoundryRouteService]
2025-11-17 22:42:37.782 INFO  [main] o.s.b.a.e.web.EndpointLinksResolver - Exposing 4 endpoint(s) beneath base path '/actuator'
2025-11-17 22:42:38.300 INFO  [main] o.s.b.w.e.netty.NettyWebServer - Netty started on port 8082
2025-11-17 22:42:38.771 INFO  [main] u.f.b.tpi.gateway.GatewayApplication - Started GatewayApplication in 4.374 seconds (process running for 5.19)
